Archive member included to satisfy reference by file (symbol)

C:/Users/nicol/Documents/EPFL/7Semester/EmbeddedSystems/LAB2_2_FPGA/CS-473/ES_standard_project_template_1.8/sw/nios/N_LEDS_bsp/\libhal_bsp.a(alt_load.o)
                              C:/Users/nicol/Documents/EPFL/7Semester/EmbeddedSystems/LAB2_2_FPGA/CS-473/ES_standard_project_template_1.8/sw/nios/N_LEDS_bsp//obj/HAL/src/crt0.o (alt_load)
C:/Users/nicol/Documents/EPFL/7Semester/EmbeddedSystems/LAB2_2_FPGA/CS-473/ES_standard_project_template_1.8/sw/nios/N_LEDS_bsp/\libhal_bsp.a(alt_main.o)
                              C:/Users/nicol/Documents/EPFL/7Semester/EmbeddedSystems/LAB2_2_FPGA/CS-473/ES_standard_project_template_1.8/sw/nios/N_LEDS_bsp//obj/HAL/src/crt0.o (alt_main)
C:/Users/nicol/Documents/EPFL/7Semester/EmbeddedSystems/LAB2_2_FPGA/CS-473/ES_standard_project_template_1.8/sw/nios/N_LEDS_bsp/\libhal_bsp.a(alt_usleep.o)
                              obj/default/hello_world.o (usleep)
C:/Users/nicol/Documents/EPFL/7Semester/EmbeddedSystems/LAB2_2_FPGA/CS-473/ES_standard_project_template_1.8/sw/nios/N_LEDS_bsp/\libhal_bsp.a(alt_sys_init.o)
                              C:/Users/nicol/Documents/EPFL/7Semester/EmbeddedSystems/LAB2_2_FPGA/CS-473/ES_standard_project_template_1.8/sw/nios/N_LEDS_bsp/\libhal_bsp.a(alt_main.o) (alt_irq_init)
C:/Users/nicol/Documents/EPFL/7Semester/EmbeddedSystems/LAB2_2_FPGA/CS-473/ES_standard_project_template_1.8/sw/nios/N_LEDS_bsp/\libhal_bsp.a(altera_avalon_jtag_uart_fd.o)
                              C:/Users/nicol/Documents/EPFL/7Semester/EmbeddedSystems/LAB2_2_FPGA/CS-473/ES_standard_project_template_1.8/sw/nios/N_LEDS_bsp/\libhal_bsp.a(alt_sys_init.o) (altera_avalon_jtag_uart_read_fd)
C:/Users/nicol/Documents/EPFL/7Semester/EmbeddedSystems/LAB2_2_FPGA/CS-473/ES_standard_project_template_1.8/sw/nios/N_LEDS_bsp/\libhal_bsp.a(altera_avalon_jtag_uart_init.o)
                              C:/Users/nicol/Documents/EPFL/7Semester/EmbeddedSystems/LAB2_2_FPGA/CS-473/ES_standard_project_template_1.8/sw/nios/N_LEDS_bsp/\libhal_bsp.a(alt_sys_init.o) (altera_avalon_jtag_uart_init)
C:/Users/nicol/Documents/EPFL/7Semester/EmbeddedSystems/LAB2_2_FPGA/CS-473/ES_standard_project_template_1.8/sw/nios/N_LEDS_bsp/\libhal_bsp.a(altera_avalon_jtag_uart_ioctl.o)
                              C:/Users/nicol/Documents/EPFL/7Semester/EmbeddedSystems/LAB2_2_FPGA/CS-473/ES_standard_project_template_1.8/sw/nios/N_LEDS_bsp/\libhal_bsp.a(altera_avalon_jtag_uart_fd.o) (altera_avalon_jtag_uart_ioctl)
C:/Users/nicol/Documents/EPFL/7Semester/EmbeddedSystems/LAB2_2_FPGA/CS-473/ES_standard_project_template_1.8/sw/nios/N_LEDS_bsp/\libhal_bsp.a(altera_avalon_jtag_uart_read.o)
                              C:/Users/nicol/Documents/EPFL/7Semester/EmbeddedSystems/LAB2_2_FPGA/CS-473/ES_standard_project_template_1.8/sw/nios/N_LEDS_bsp/\libhal_bsp.a(altera_avalon_jtag_uart_fd.o) (altera_avalon_jtag_uart_read)
C:/Users/nicol/Documents/EPFL/7Semester/EmbeddedSystems/LAB2_2_FPGA/CS-473/ES_standard_project_template_1.8/sw/nios/N_LEDS_bsp/\libhal_bsp.a(altera_avalon_jtag_uart_write.o)
                              C:/Users/nicol/Documents/EPFL/7Semester/EmbeddedSystems/LAB2_2_FPGA/CS-473/ES_standard_project_template_1.8/sw/nios/N_LEDS_bsp/\libhal_bsp.a(altera_avalon_jtag_uart_fd.o) (altera_avalon_jtag_uart_write)
C:/Users/nicol/Documents/EPFL/7Semester/EmbeddedSystems/LAB2_2_FPGA/CS-473/ES_standard_project_template_1.8/sw/nios/N_LEDS_bsp/\libhal_bsp.a(alt_alarm_start.o)
                              C:/Users/nicol/Documents/EPFL/7Semester/EmbeddedSystems/LAB2_2_FPGA/CS-473/ES_standard_project_template_1.8/sw/nios/N_LEDS_bsp/\libhal_bsp.a(altera_avalon_jtag_uart_init.o) (alt_alarm_start)
C:/Users/nicol/Documents/EPFL/7Semester/EmbeddedSystems/LAB2_2_FPGA/CS-473/ES_standard_project_template_1.8/sw/nios/N_LEDS_bsp/\libhal_bsp.a(alt_busy_sleep.o)
                              C:/Users/nicol/Documents/EPFL/7Semester/EmbeddedSystems/LAB2_2_FPGA/CS-473/ES_standard_project_template_1.8/sw/nios/N_LEDS_bsp/\libhal_bsp.a(alt_usleep.o) (alt_busy_sleep)
C:/Users/nicol/Documents/EPFL/7Semester/EmbeddedSystems/LAB2_2_FPGA/CS-473/ES_standard_project_template_1.8/sw/nios/N_LEDS_bsp/\libhal_bsp.a(alt_close.o)
                              C:/Users/nicol/Documents/EPFL/7Semester/EmbeddedSystems/LAB2_2_FPGA/CS-473/ES_standard_project_template_1.8/sw/nios/N_LEDS_bsp/\libhal_bsp.a(alt_main.o) (close)
C:/Users/nicol/Documents/EPFL/7Semester/EmbeddedSystems/LAB2_2_FPGA/CS-473/ES_standard_project_template_1.8/sw/nios/N_LEDS_bsp/\libhal_bsp.a(alt_dcache_flush_all.o)
                              C:/Users/nicol/Documents/EPFL/7Semester/EmbeddedSystems/LAB2_2_FPGA/CS-473/ES_standard_project_template_1.8/sw/nios/N_LEDS_bsp/\libhal_bsp.a(alt_load.o) (alt_dcache_flush_all)
C:/Users/nicol/Documents/EPFL/7Semester/EmbeddedSystems/LAB2_2_FPGA/CS-473/ES_standard_project_template_1.8/sw/nios/N_LEDS_bsp/\libhal_bsp.a(alt_dev.o)
[...]
Memory Configuration

Name             Origin             Length             Attributes
reset            0x0000000000020000 0x0000000000000020
onchip_memory2_0 0x0000000000020020 0x000000000001ffe0
*default*        0x0000000000000000 0xffffffffffffffff

Linker script and memory map

LOAD C:/Users/nicol/Documents/EPFL/7Semester/EmbeddedSystems/LAB2_2_FPGA/CS-473/ES_standard_project_template_1.8/sw/nios/N_LEDS_bsp//obj/HAL/src/crt0.o
LOAD obj/default/hello_world.o
LOAD c:/intelfpga_lite/18.1/nios2eds/bin/gnu/h-x86_64-mingw32/bin/../lib/gcc/nios2-elf/5.3.0/../../../../../H-x86_64-mingw32/nios2-elf/lib\libstdc++.a
LOAD c:/intelfpga_lite/18.1/nios2eds/bin/gnu/h-x86_64-mingw32/bin/../lib/gcc/nios2-elf/5.3.0/../../../../../H-x86_64-mingw32/nios2-elf/lib\libm.a
LOAD c:/intelfpga_lite/18.1/nios2eds/bin/gnu/h-x86_64-mingw32/bin/../lib/gcc/nios2-elf/5.3.0\libgcc.a
START GROUP
LOAD c:/intelfpga_lite/18.1/nios2eds/bin/gnu/h-x86_64-mingw32/bin/../lib/gcc/nios2-elf/5.3.0/../../../../../H-x86_64-mingw32/nios2-elf/lib\libc.a
LOAD c:/intelfpga_lite/18.1/nios2eds/bin/gnu/h-x86_64-mingw32/bin/../lib/gcc/nios2-elf/5.3.0\libgcc.a
LOAD C:/Users/nicol/Documents/EPFL/7Semester/EmbeddedSystems/LAB2_2_FPGA/CS-473/ES_standard_project_template_1.8/sw/nios/N_LEDS_bsp/\libhal_bsp.a
LOAD c:/intelfpga_lite/18.1/nios2eds/bin/gnu/h-x86_64-mingw32/bin/../lib/gcc/nios2-elf/5.3.0/../../../../../H-x86_64-mingw32/nios2-elf/lib\libm.a
END GROUP
LOAD c:/intelfpga_lite/18.1/nios2eds/bin/gnu/h-x86_64-mingw32/bin/../lib/gcc/nios2-elf/5.3.0\libgcc.a
                0x0000000000020000                __alt_mem_onchip_memory2_0 = 0x20000

.entry          0x0000000000020000       0x20
 *(.entry)
 .entry         0x0000000000020000       0x20 C:/Users/nicol/Documents/EPFL/7Semester/EmbeddedSystems/LAB2_2_FPGA/CS-473/ES_standard_project_template_1.8/sw/nios/N_LEDS_bsp//obj/HAL/src/crt0.o
                0x0000000000020000                __reset

.exceptions     0x0000000000020020      0x224
                0x0000000000020020                PROVIDE (__ram_exceptions_start, ABSOLUTE (.))
                0x0000000000020020                . = ALIGN (0x20)
 *(.irq)
 *(.exceptions.entry.label)
 .exceptions.entry.label
                0x0000000000020020        0x0 C:/Users/nicol/Documents/EPFL/7Semester/EmbeddedSystems/LAB2_2_FPGA/CS-473/ES_standard_project_template_1.8/sw/nios/N_LEDS_bsp/\libhal_bsp.a(alt_irq_entry.o)
                0x0000000000020020                alt_irq_entry
 .exceptions.entry.label
                0x0000000000020020        0x0 C:/Users/nicol/Documents/EPFL/7Semester/EmbeddedSystems/LAB2_2_FPGA/CS-473/ES_standard_project_template_1.8/sw/nios/N_LEDS_bsp/\libhal_bsp.a(alt_exception_entry.o)
                0x0000000000020020                alt_exception
 *(.exceptions.entry.user)
 *(.exceptions.entry.ecc_fatal)
 *(.exceptions.entry)
 .exceptions.entry
                0x0000000000020020       0x54 C:/Users/nicol/Documents/EPFL/7Semester/EmbeddedSystems/LAB2_2_FPGA/CS-473/ES_standard_project_template_1.8/sw/nios/N_LEDS_bsp/\libhal_bsp.a(alt_exception_entry.o)
 *(.exceptions.irqtest.user)
 *(.exceptions.irqtest)
 .exceptions.irqtest
                0x0000000000020074       0x10 C:/Users/nicol/Documents/EPFL/7Semester/EmbeddedSystems/LAB2_2_FPGA/CS-473/ES_standard_project_template_1.8/sw/nios/N_LEDS_bsp/\libhal_bsp.a(alt_irq_entry.o)
 *(.exceptions.irqhandler.user)
 *(.exceptions.irqhandler)
 .exceptions.irqhandler
                0x0000000000020084        0x4 C:/Users/nicol/Documents/EPFL/7Semester/EmbeddedSystems/LAB2_2_FPGA/CS-473/ES_standard_project_template_1.8/sw/nios/N_LEDS_bsp/\libhal_bsp.a(alt_irq_entry.o)
 *(.exceptions.irqreturn.user)
 *(.exceptions.irqreturn)
 .exceptions.irqreturn
                0x0000000000020088        0x4 C:/Users/nicol/Documents/EPFL/7Semester/EmbeddedSystems/LAB2_2_FPGA/CS-473/ES_standard_project_template_1.8/sw/nios/N_LEDS_bsp/\libhal_bsp.a(alt_irq_entry.o)
 *(.exceptions.notirq.label)
 .exceptions.notirq.label
                0x000000000002008c        0x0 C:/Users/nicol/Documents/EPFL/7Semester/EmbeddedSystems/LAB2_2_FPGA/CS-473/ES_standard_project_template_1.8/sw/nios/N_LEDS_bsp/\libhal_bsp.a(alt_irq_entry.o)
 *(.exceptions.notirq.user)
 *(.exceptions.notirq)
 .exceptions.notirq
                0x000000000002008c        0x8 C:/Users/nicol/Documents/EPFL/7Semester/EmbeddedSystems/LAB2_2_FPGA/CS-473/ES_standard_project_template_1.8/sw/nios/N_LEDS_bsp/\libhal_bsp.a(alt_exception_entry.o)
 *(.exceptions.soft.user)
 *(.exceptions.soft)
 *(.exceptions.unknown.user)
 *(.exceptions.unknown)
 .exceptions.unknown
                0x0000000000020094       0x14 C:/Users/nicol/Documents/EPFL/7Semester/EmbeddedSystems/LAB2_2_FPGA/CS-473/ES_standard_project_template_1.8/sw/nios/N_LEDS_bsp/\libhal_bsp.a(alt_exception_entry.o)
 *(.exceptions.exit.label)
 .exceptions.exit.label
                0x00000000000200a8        0x0 C:/Users/nicol/Documents/EPFL/7Semester/EmbeddedSystems/LAB2_2_FPGA/CS-473/ES_standard_project_template_1.8/sw/nios/N_LEDS_bsp/\libhal_bsp.a(alt_irq_entry.o)
 .exceptions.exit.label
                0x00000000000200a8        0x0 C:/Users/nicol/Documents/EPFL/7Semester/EmbeddedSystems/LAB2_2_FPGA/CS-473/ES_standard_project_template_1.8/sw/nios/N_LEDS_bsp/\libhal_bsp.a(alt_exception_entry.o)
 *(.exceptions.exit.user)
 *(.exceptions.exit)
 .exceptions.exit
                0x00000000000200a8       0x54 C:/Users/nicol/Documents/EPFL/7Semester/EmbeddedSystems/LAB2_2_FPGA/CS-473/ES_standard_project_template_1.8/sw/nios/N_LEDS_bsp/\libhal_bsp.a(alt_exception_entry.o)
 *(.exceptions)
 .exceptions    0x00000000000200fc       0xd4 C:/Users/nicol/Documents/EPFL/7Semester/EmbeddedSystems/LAB2_2_FPGA/CS-473/ES_standard_project_template_1.8/sw/nios/N_LEDS_bsp/\libhal_bsp.a(alt_irq_handler.o)
                0x00000000000200fc                alt_irq_handler
 .exceptions    0x00000000000201d0       0x74 C:/Users/nicol/Documents/EPFL/7Semester/EmbeddedSystems/LAB2_2_FPGA/CS-473/ES_standard_project_template_1.8/sw/nios/N_LEDS_bsp/\libhal_bsp.a(alt_instruction_exception_entry.o)
                0x00000000000201d0                alt_instruction_exception_entry
                0x0000000000020244                PROVIDE (__ram_exceptions_end, ABSOLUTE (.))
                0x0000000000020020                PROVIDE (__flash_exceptions_start, LOADADDR (.exceptions))

.text           0x0000000000020244     0x285c
                [!provide]                        PROVIDE (stext, ABSOLUTE (.))
 *(.interp)
 *(.hash)
 *(.dynsym)
 *(.dynstr)
 *(.gnu.version)
 *(.gnu.version_d)
 *(.gnu.version_r)
 *(.rel.init)
 *(.rela.init)
 *(.rel.text .rel.text.* .rel.gnu.linkonce.t.*)
 *(.rela.text .rela.text.* .rela.gnu.linkonce.t.*)
 *(.rel.fini)
 *(.rela.fini)
 *(.rel.rodata .rel.rodata.* .rel.gnu.linkonce.r.*)
 *(.rela.rodata .rela.rodata.* .rela.gnu.linkonce.r.*)
 *(.rel.data .rel.data.* .rel.gnu.linkonce.d.*)
 *(.rela.data .rela.data.* .rela.gnu.linkonce.d.*)
 *(.rel.tdata .rel.tdata.* .rel.gnu.linkonce.td.*)
 *(.rela.tdata .rela.tdata.* .rela.gnu.linkonce.td.*)
 *(.rel.tbss .rel.tbss.* .rel.gnu.linkonce.tb.*)
 *(.rela.tbss .rela.tbss.* .rela.gnu.linkonce.tb.*)
 *(.rel.ctors)
 *(.rela.ctors)
 *(.rel.dtors)
 *(.rela.dtors)
 *(.rel.got)
 *(.rela.got)
 *(.rel.sdata .rel.sdata.* .rel.gnu.linkonce.s.*)
 *(.rela.sdata .rela.sdata.* .rela.gnu.linkonce.s.*)
 *(.rel.sbss .rel.sbss.* .rel.gnu.linkonce.sb.*)
 *(.rela.sbss .rela.sbss.* .rela.gnu.linkonce.sb.*)
 *(.rel.sdata2 .rel.sdata2.* .rel.gnu.linkonce.s2.*)
 *(.rela.sdata2 .rela.sdata2.* .rela.gnu.linkonce.s2.*)
 *(.rel.sbss2 .rel.sbss2.* .rel.gnu.linkonce.sb2.*)
 *(.rela.sbss2 .rela.sbss2.* .rela.gnu.linkonce.sb2.*)
 *(.rel.bss .rel.bss.* .rel.gnu.linkonce.b.*)
 *(.rela.bss .rela.bss.* .rela.gnu.linkonce.b.*)
 *(.rel.plt)
 *(.rela.plt)
 *(.rel.dyn)
 *(.init)
 *(.plt)
 *(.text .stub .text.* .gnu.linkonce.t.*)
 .text          0x0000000000020244       0x4c C:/Users/nicol/Documents/EPFL/7Semester/EmbeddedSystems/LAB2_2_FPGA/CS-473/ES_standard_project_template_1.8/sw/nios/N_LEDS_bsp//obj/HAL/src/crt0.o
                0x0000000000020244                _start
 .text          0x0000000000020290      0x294 obj/default/hello_world.o
                0x0000000000020290                wait
                0x00000000000202d0                init_leds
                0x0000000000020380                main
 .text          0x0000000000020524       0xec C:/Users/nicol/Documents/EPFL/7Semester/EmbeddedSystems/LAB2_2_FPGA/CS-473/ES_standard_project_template_1.8/sw/nios/N_LEDS_bsp/\libhal_bsp.a(alt_load.o)
                0x000000000002058c                alt_load
 .text          0x0000000000020610       0x7c C:/Users/nicol/Documents/EPFL/7Semester/EmbeddedSystems/LAB2_2_FPGA/CS-473/ES_standard_project_template_1.8/sw/nios/N_LEDS_bsp/\libhal_bsp.a(alt_main.o)
                0x0000000000020610                alt_main
 .text          0x000000000002068c       0x30 C:/Users/nicol/Documents/EPFL/7Semester/EmbeddedSystems/LAB2_2_FPGA/CS-473/ES_standard_project_template_1.8/sw/nios/N_LEDS_bsp/\libhal_bsp.a(alt_usleep.o)
                0x000000000002068c                usleep
 .text          0x00000000000206bc       0xb4 C:/Users/nicol/Documents/EPFL/7Semester/EmbeddedSystems/LAB2_2_FPGA/CS-473/ES_standard_project_template_1.8/sw/nios/N_LEDS_bsp/\libhal_bsp.a(alt_sys_init.o)
                0x00000000000206f0                alt_irq_init
                0x0000000000020728                alt_sys_init
 .text          0x0000000000020770      0x164 C:/Users/nicol/Documents/EPFL/7Semester/EmbeddedSystems/LAB2_2_FPGA/CS-473/ES_standard_project_template_1.8/sw/nios/N_LEDS_bsp/\libhal_bsp.a(altera_avalon_jtag_uart_fd.o)
                0x0000000000020770                altera_avalon_jtag_uart_read_fd
                0x00000000000207d0                altera_avalon_jtag_uart_write_fd
                0x0000000000020830                altera_avalon_jtag_uart_close_fd
                0x0000000000020880                altera_avalon_jtag_uart_ioctl_fd
 .text          0x00000000000208d4      0x3d4 C:/Users/nicol/Documents/EPFL/7Semester/EmbeddedSystems/LAB2_2_FPGA/CS-473/ES_standard_project_template_1.8/sw/nios/N_LEDS_bsp/\libhal_bsp.a(altera_avalon_jtag_uart_init.o)
                0x00000000000208d4                altera_avalon_jtag_uart_init
                0x0000000000020c40                altera_avalon_jtag_uart_close
 .text          0x0000000000020ca8       0xf0 C:/Users/nicol/Documents/EPFL/7Semester/EmbeddedSystems/LAB2_2_FPGA/CS-473/ES_standard_project_template_1.8/sw/nios/N_LEDS_bsp/\libhal_bsp.a(altera_avalon_jtag_uart_ioctl.o)
                0x0000000000020ca8                altera_avalon_jtag_uart_ioctl
 .text          0x0000000000020d98      0x21c C:/Users/nicol/Documents/EPFL/7Semester/EmbeddedSystems/LAB2_2_FPGA/CS-473/ES_standard_project_template_1.8/sw/nios/N_LEDS_bsp/\libhal_bsp.a(altera_avalon_jtag_uart_read.o)
                0x0000000000020d98                altera_avalon_jtag_uart_read
 .text          0x0000000000020fb4      0x224 C:/Users/nicol/Documents/EPFL/7Semester/EmbeddedSystems/LAB2_2_FPGA/CS-473/ES_standard_project_template_1.8/sw/nios/N_LEDS_bsp/\libhal_bsp.a(altera_avalon_jtag_uart_write.o)
                0x0000000000020fb4                altera_avalon_jtag_uart_write
 .text          0x00000000000211d8      0x12c C:/Users/nicol/Documents/EPFL/7Semester/EmbeddedSystems/LAB2_2_FPGA/CS-473/ES_standard_project_template_1.8/sw/nios/N_LEDS_bsp/\libhal_bsp.a(alt_alarm_start.o)
                0x00000000000211d8                alt_alarm_start
 .text          0x0000000000021304      0x158 C:/Users/nicol/Documents/EPFL/7Semester/EmbeddedSystems/LAB2_2_FPGA/CS-473/ES_standard_project_template_1.8/sw/nios/N_LEDS_bsp/\libhal_bsp.a(alt_busy_sleep.o)
                0x0000000000021304                alt_busy_sleep
 .text          0x000000000002145c      0x10c C:/Users/nicol/Documents/EPFL/7Semester/EmbeddedSystems/LAB2_2_FPGA/CS-473/ES_standard_project_template_1.8/sw/nios/N_LEDS_bsp/\libhal_bsp.a(alt_close.o)
                0x0000000000021498                close
 .text          0x0000000000021568       0x48 C:/Users/nicol/Documents/EPFL/7Semester/EmbeddedSystems/LAB2_2_FPGA/CS-473/ES_standard_project_template_1.8/sw/nios/N_LEDS_bsp/\libhal_bsp.a(alt_dcache_flush_all.o)
                0x0000000000021568                alt_dcache_flush_all
 .text          0x00000000000215b0       0x2c C:/Users/nicol/Documents/EPFL/7Semester/EmbeddedSystems/LAB2_2_FPGA/CS-473/ES_standard_project_template_1.8/sw/nios/N_LEDS_bsp/\libhal_bsp.a(alt_dev.o)
 .text          0x00000000000215dc       0xe0 C:/Users/nicol/Documents/EPFL/7Semester/EmbeddedSystems/LAB2_2_FPGA/CS-473/ES_standard_project_template_1.8/sw/nios/N_LEDS_bsp/\libhal_bsp.a(alt_dev_llist_insert.o)
                0x0000000000021618                alt_dev_llist_insert
 .text          0x00000000000216bc       0x60 C:/Users/nicol/Documents/EPFL/7Semester/EmbeddedSystems/LAB2_2_FPGA/CS-473/ES_standard_project_template_1.8/sw/nios/N_LEDS_bsp/\libhal_bsp.a(alt_do_ctors.o)
                0x00000000000216bc                _do_ctors
 .text          0x000000000002171c       0x60 C:/Users/nicol/Documents/EPFL/7Semester/EmbeddedSystems/LAB2_2_FPGA/CS-473/ES_standard_project_template_1.8/sw/nios/N_LEDS_bsp/\libhal_bsp.a(alt_do_dtors.o)
                0x000000000002171c                _do_dtors
 .text          0x000000000002177c        0x0 C:/Users/nicol/Documents/EPFL/7Semester/EmbeddedSystems/LAB2_2_FPGA/CS-473/ES_standard_project_template_1.8/sw/nios/N_LEDS_bsp/\libhal_bsp.a(alt_errno.o)
 .text          0x000000000002177c       0x34 C:/Users/nicol/Documents/EPFL/7Semester/EmbeddedSystems/LAB2_2_FPGA/CS-473/ES_standard_project_template_1.8/sw/nios/N_LEDS_bsp/\libhal_bsp.a(alt_icache_flush_all.o)
                0x000000000002177c                alt_icache_flush_all
 .text          0x00000000000217b0      0x1b0 C:/Users/nicol/Documents/EPFL/7Semester/EmbeddedSystems/LAB2_2_FPGA/CS-473/ES_standard_project_template_1.8/sw/nios/N_LEDS_bsp/\libhal_bsp.a(alt_iic.o)
                0x00000000000217b0                alt_ic_isr_register
                0x0000000000021800                alt_ic_irq_enable
                0x0000000000021888                alt_ic_irq_disable
                0x0000000000021914                alt_ic_irq_enabled
 .text          0x0000000000021960       0xf0 C:/Users/nicol/Documents/EPFL/7Semester/EmbeddedSystems/LAB2_2_FPGA/CS-473/ES_standard_project_template_1.8/sw/nios/N_LEDS_bsp/\libhal_bsp.a(alt_iic_isr_register.o)
                0x0000000000021960                alt_iic_isr_register
 .text          0x0000000000021a50      0x140 C:/Users/nicol/Documents/EPFL/7Semester/EmbeddedSystems/LAB2_2_FPGA/CS-473/ES_standard_project_template_1.8/sw/nios/N_LEDS_bsp/\libhal_bsp.a(alt_io_redirect.o)
                0x0000000000021b14                alt_io_redirect
 .text          0x0000000000021b90        0x0 C:/Users/nicol/Documents/EPFL/7Semester/EmbeddedSystems/LAB2_2_FPGA/CS-473/ES_standard_project_template_1.8/sw/nios/N_LEDS_bsp/\libhal_bsp.a(alt_irq_entry.o)
 .text          0x0000000000021b90        0x0 C:/Users/nicol/Documents/EPFL/7Semester/EmbeddedSystems/LAB2_2_FPGA/CS-473/ES_standard_project_template_1.8/sw/nios/N_LEDS_bsp/\libhal_bsp.a(alt_irq_handler.o)
 .text          0x0000000000021b90        0x0 C:/Users/nicol/Documents/EPFL/7Semester/EmbeddedSystems/LAB2_2_FPGA/CS-473/ES_standard_project_template_1.8/sw/nios/N_LEDS_bsp/\libhal_bsp.a(alt_irq_vars.o)
 .text          0x0000000000021b90      0x254 C:/Users/nicol/Documents/EPFL/7Semester/EmbeddedSystems/LAB2_2_FPGA/CS-473/ES_standard_project_template_1.8/sw/nios/N_LEDS_bsp/\libhal_bsp.a(alt_open.o)
                0x0000000000021c90                open
 .text          0x0000000000021de4       0x64 C:/Users/nicol/Documents/EPFL/7Semester/EmbeddedSystems/LAB2_2_FPGA/CS-473/ES_standard_project_template_1.8/sw/nios/N_LEDS_bsp/\libhal_bsp.a(alt_release_fd.o)
                0x0000000000021de4                alt_release_fd
 .text          0x0000000000021e48      0x1a4 C:/Users/nicol/Documents/EPFL/7Semester/EmbeddedSystems/LAB2_2_FPGA/CS-473/ES_standard_project_template_1.8/sw/nios/N_LEDS_bsp/\libhal_bsp.a(alt_tick.o)
                0x0000000000021e48                alt_alarm_stop
                0x0000000000021ee4                alt_tick
 .text          0x0000000000021fec       0x24 C:/Users/nicol/Documents/EPFL/7Semester/EmbeddedSystems/LAB2_2_FPGA/CS-473/ES_standard_project_template_1.8/sw/nios/N_LEDS_bsp/\libhal_bsp.a(altera_nios2_gen2_irq.o)
                0x0000000000021fec                altera_nios2_gen2_irq_init
 .text          0x0000000000022010        0x0 C:/Users/nicol/Documents/EPFL/7Semester/EmbeddedSystems/LAB2_2_FPGA/CS-473/ES_standard_project_template_1.8/sw/nios/N_LEDS_bsp/\libhal_bsp.a(alt_exception_entry.o)
 .text          0x0000000000022010       0x90 C:/Users/nicol/Documents/EPFL/7Semester/EmbeddedSystems/LAB2_2_FPGA/CS-473/ES_standard_project_template_1.8/sw/nios/N_LEDS_bsp/\libhal_bsp.a(alt_find_dev.o)
                0x0000000000022010                alt_find_dev
 .text          0x00000000000220a0      0x108 C:/Users/nicol/Documents/EPFL/7Semester/EmbeddedSystems/LAB2_2_FPGA/CS-473/ES_standard_project_template_1.8/sw/nios/N_LEDS_bsp/\libhal_bsp.a(alt_find_file.o)
                0x00000000000220a0                alt_find_file
 .text          0x00000000000221a8       0xa4 C:/Users/nicol/Documents/EPFL/7Semester/EmbeddedSystems/LAB2_2_FPGA/CS-473/ES_standard_project_template_1.8/sw/nios/N_LEDS_bsp/\libhal_bsp.a(alt_get_fd.o)
                0x00000000000221a8                alt_get_fd
 .text          0x000000000002224c       0x90 C:/Users/nicol/Documents/EPFL/7Semester/EmbeddedSystems/LAB2_2_FPGA/CS-473/ES_standard_project_template_1.8/sw/nios/N_LEDS_bsp/\libhal_bsp.a(alt_icache_flush.o)
                0x000000000002224c                alt_icache_flush
 .text          0x00000000000222dc       0x9c C:/Users/nicol/Documents/EPFL/7Semester/EmbeddedSystems/LAB2_2_FPGA/CS-473/ES_standard_project_template_1.8/sw/nios/N_LEDS_bsp/\libhal_bsp.a(alt_instruction_exception_entry.o)
                0x00000000000222dc                alt_exception_cause_generated_bad_addr
 .text          0x0000000000022378        0x0 c:/intelfpga_lite/18.1/nios2eds/bin/gnu/h-x86_64-mingw32/bin/../lib/gcc/nios2-elf/5.3.0/../../../../../H-x86_64-mingw32/nios2-elf/lib\libc.a(lib_a-atexit.o)
 .text.atexit   0x0000000000022378       0x14 c:/intelfpga_lite/18.1/nios2eds/bin/gnu/h-x86_64-mingw32/bin/../lib/gcc/nios2-elf/5.3.0/../../../../../H-x86_64-mingw32/nios2-elf/lib\libc.a(lib_a-atexit.o)
                0x0000000000022378                atexit
 .text          0x000000000002238c        0x0 c:/intelfpga_lite/18.1/nios2eds/bin/gnu/h-x86_64-mingw32/bin/../lib/gcc/nios2-elf/5.3.0/../../../../../H-x86_64-mingw32/nios2-elf/lib\libc.a(lib_a-exit.o)
 .text.exit     0x000000000002238c       0x38 c:/intelfpga_lite/18.1/nios2eds/bin/gnu/h-x86_64-mingw32/bin/../lib/gcc/nios2-elf/5.3.0/../../../../../H-x86_64-mingw32/nios2-elf/lib\libc.a(lib_a-exit.o)
                0x000000000002238c                exit
 .text          0x00000000000223c4        0x0 c:/intelfpga_lite/18.1/nios2eds/bin/gnu/h-x86_64-mingw32/bin/../lib/gcc/nios2-elf/5.3.0/../../../../../H-x86_64-mingw32/nios2-elf/lib\libc.a(lib_a-impure.o)
 .text          0x00000000000223c4        0x0 c:/intelfpga_lite/18.1/nios2eds/bin/gnu/h-x86_64-mingw32/bin/../lib/gcc/nios2-elf/5.3.0/../../../../../H-x86_64-mingw32/nios2-elf/lib\libc.a(lib_a-int_errno.o)
 .text          0x00000000000223c4        0x0 c:/intelfpga_lite/18.1/nios2eds/bin/gnu/h-x86_64-mingw32/bin/../lib/gcc/nios2-elf/5.3.0/../../../../../H-x86_64-mingw32/nios2-elf/lib\libc.a(lib_a-memcmp.o)
 .text.memcmp   0x00000000000223c4       0x7c c:/intelfpga_lite/18.1/nios2eds/bin/gnu/h-x86_64-mingw32/bin/../lib/gcc/nios2-elf/5.3.0/../../../../../H-x86_64-mingw32/nios2-elf/lib\libc.a(lib_a-memcmp.o)
                0x00000000000223c4                memcmp
 .text          0x0000000000022440        0x0 c:/intelfpga_lite/18.1/nios2eds/bin/gnu/h-x86_64-mingw32/bin/../lib/gcc/nios2-elf/5.3.0/../../../../../H-x86_64-mingw32/nios2-elf/lib\libc.a(lib_a-memcpy.o)
 .text.memcpy   0x0000000000022440      0x148 c:/intelfpga_lite/18.1/nios2eds/bin/gnu/h-x86_64-mingw32/bin/../lib/gcc/nios2-elf/5.3.0/../../../../../H-x86_64-mingw32/nios2-elf/lib\libc.a(lib_a-memcpy.o)
                0x0000000000022440                memcpy
 .text          0x0000000000022588        0x0 c:/intelfpga_lite/18.1/nios2eds/bin/gnu/h-x86_64-mingw32/bin/../lib/gcc/nios2-elf/5.3.0/../../../../../H-x86_64-mingw32/nios2-elf/lib\libc.a(lib_a-strlen.o)
 .text.strlen   0x0000000000022588       0x98 c:/intelfpga_lite/18.1/nios2eds/bin/gnu/h-x86_64-mingw32/bin/../lib/gcc/nios2-elf/5.3.0/../../../../../H-x86_64-mingw32/nios2-elf/lib\libc.a(lib_a-strlen.o)
                0x0000000000022588                strlen
 .text          0x0000000000022620        0x0 c:/intelfpga_lite/18.1/nios2eds/bin/gnu/h-x86_64-mingw32/bin/../lib/gcc/nios2-elf/5.3.0/../../../../../H-x86_64-mingw32/nios2-elf/lib\libc.a(lib_a-__atexit.o)
 .text.__register_exitproc
                0x0000000000022620      0x118 c:/intelfpga_lite/18.1/nios2eds/bin/gnu/h-x86_64-mingw32/bin/../lib/gcc/nios2-elf/5.3.0/../../../../../H-x86_64-mingw32/nios2-elf/lib\libc.a(lib_a-__atexit.o)
                0x0000000000022620                __register_exitproc
 .text          0x0000000000022738        0x0 c:/intelfpga_lite/18.1/nios2eds/bin/gnu/h-x86_64-mingw32/bin/../lib/gcc/nios2-elf/5.3.0/../../../../../H-x86_64-mingw32/nios2-elf/lib\libc.a(lib_a-__call_atexit.o)
 .text.__call_exitprocs
                0x0000000000022738      0x180 c:/intelfpga_lite/18.1/nios2eds/bin/gnu/h-x86_64-mingw32/bin/../lib/gcc/nios2-elf/5.3.0/../../../../../H-x86_64-mingw32/nios2-elf/lib\libc.a(lib_a-__call_atexit.o)
                0x0000000000022738                __call_exitprocs
 .text          0x00000000000228b8      0x1b4 c:/intelfpga_lite/18.1/nios2eds/bin/gnu/h-x86_64-mingw32/bin/../lib/gcc/nios2-elf/5.3.0\libgcc.a(lib2-divmod.o)
                0x00000000000228b8                __divsi3
                0x000000000002293c                __modsi3
                0x00000000000229b0                __udivsi3
                0x0000000000022a14                __umodsi3
 .text          0x0000000000022a6c       0x34 C:/Users/nicol/Documents/EPFL/7Semester/EmbeddedSystems/LAB2_2_FPGA/CS-473/ES_standard_project_template_1.8/sw/nios/N_LEDS_bsp/\libhal_bsp.a(alt_exit.o)
                0x0000000000022a6c                _exit
 *(.gnu.warning.*)
 *(.fini)
                [!provide]                        PROVIDE (__etext, ABSOLUTE (.))
                [!provide]                        PROVIDE (_etext, ABSOLUTE (.))
                [!provide]                        PROVIDE (etext, ABSOLUTE (.))
 *(.eh_frame_hdr)
                0x0000000000022aa0                . = ALIGN (0x4)
                [!provide]                        PROVIDE (__preinit_array_start, ABSOLUTE (.))
 *(.preinit_array)
                [!provide]                        PROVIDE (__preinit_array_end, ABSOLUTE (.))
                [!provide]                        PROVIDE (__init_array_start, ABSOLUTE (.))
 *(.init_array)
                [!provide]                        PROVIDE (__init_array_end, ABSOLUTE (.))
                [!provide]                        PROVIDE (__fini_array_start, ABSOLUTE (.))
 *(.fini_array)
                [!provide]                        PROVIDE (__fini_array_end, ABSOLUTE (.))
 *(.eh_frame)
 *(.gcc_except_table .gcc_except_table.*)
 *(.dynamic)
                0x0000000000022aa0                PROVIDE (__CTOR_LIST__, ABSOLUTE (.))
 *(.ctors)
 *(SORT(.ctors.*))
                0x0000000000022aa0                PROVIDE (__CTOR_END__, ABSOLUTE (.))
                0x0000000000022aa0                PROVIDE (__DTOR_LIST__, ABSOLUTE (.))
 *(.dtors)
 *(SORT(.dtors.*))
                0x0000000000022aa0                PROVIDE (__DTOR_END__, ABSOLUTE (.))
 *(.jcr)
                0x0000000000022aa0                . = ALIGN (0x4)

.rodata         0x0000000000022aa0       0x38
                0x0000000000022aa0                PROVIDE (__ram_rodata_start, ABSOLUTE (.))
                0x0000000000022aa0                . = ALIGN (0x4)
 *(.rodata .rodata.* .gnu.linkonce.r.*)
 .rodata        0x0000000000022aa0       0x11 C:/Users/nicol/Documents/EPFL/7Semester/EmbeddedSystems/LAB2_2_FPGA/CS-473/ES_standard_project_template_1.8/sw/nios/N_LEDS_bsp/\libhal_bsp.a(alt_main.o)
 *fill*         0x0000000000022ab1        0x3 
 .rodata        0x0000000000022ab4       0x11 C:/Users/nicol/Documents/EPFL/7Semester/EmbeddedSystems/LAB2_2_FPGA/CS-473/ES_standard_project_template_1.8/sw/nios/N_LEDS_bsp/\libhal_bsp.a(alt_sys_init.o)
 *fill*         0x0000000000022ac5        0x3 
 .rodata        0x0000000000022ac8        0xa C:/Users/nicol/Documents/EPFL/7Semester/EmbeddedSystems/LAB2_2_FPGA/CS-473/ES_standard_project_template_1.8/sw/nios/N_LEDS_bsp/\libhal_bsp.a(alt_dev.o)
 *fill*         0x0000000000022ad2        0x2 
 .rodata.str1.4
                0x0000000000022ad4        0x4 c:/intelfpga_lite/18.1/nios2eds/bin/gnu/h-x86_64-mingw32/bin/../lib/gcc/nios2-elf/5.3.0/../../../../../H-x86_64-mingw32/nios2-elf/lib\libc.a(lib_a-impure.o)
                                          0x2 (size before relaxing)
 *(.rodata1)
                0x0000000000022ad8                . = ALIGN (0x4)
                0x0000000000022ad8                PROVIDE (__ram_rodata_end, ABSOLUTE (.))
                0x0000000000022aa0                PROVIDE (__flash_rodata_start, LOADADDR (.rodata))

.rwdata         0x0000000000022ad8     0x1658 load address 0x0000000000024130
                0x0000000000022ad8                PROVIDE (__ram_rwdata_start, ABSOLUTE (.))
                0x0000000000022ad8                . = ALIGN (0x4)
 *(.got.plt)
 *(.got)
 *(.data1)
 *(.data .data.* .gnu.linkonce.d.*)
 .data          0x0000000000022ad8        0x0 C:/Users/nicol/Documents/EPFL/7Semester/EmbeddedSystems/LAB2_2_FPGA/CS-473/ES_standard_project_template_1.8/sw/nios/N_LEDS_bsp//obj/HAL/src/crt0.o
 .data          0x0000000000022ad8        0x0 obj/default/hello_world.o
 .data          0x0000000000022ad8        0x0 C:/Users/nicol/Documents/EPFL/7Semester/EmbeddedSystems/LAB2_2_FPGA/CS-473/ES_standard_project_template_1.8/sw/nios/N_LEDS_bsp/\libhal_bsp.a(alt_load.o)
 .data          0x0000000000022ad8        0x0 C:/Users/nicol/Documents/EPFL/7Semester/EmbeddedSystems/LAB2_2_FPGA/CS-473/ES_standard_project_template_1.8/sw/nios/N_LEDS_bsp/\libhal_bsp.a(alt_main.o)
 .data          0x0000000000022ad8        0x0 C:/Users/nicol/Documents/EPFL/7Semester/EmbeddedSystems/LAB2_2_FPGA/CS-473/ES_standard_project_template_1.8/sw/nios/N_LEDS_bsp/\libhal_bsp.a(alt_usleep.o)
 .data          0x0000000000022ad8     0x1060 C:/Users/nicol/Documents/EPFL/7Semester/EmbeddedSystems/LAB2_2_FPGA/CS-473/ES_standard_project_template_1.8/sw/nios/N_LEDS_bsp/\libhal_bsp.a(alt_sys_init.o)
 .data          0x0000000000023b38        0x0 C:/Users/nicol/Documents/EPFL/7Semester/EmbeddedSystems/LAB2_2_FPGA/CS-473/ES_standard_project_template_1.8/sw/nios/N_LEDS_bsp/\libhal_bsp.a(altera_avalon_jtag_uart_fd.o)
 .data          0x0000000000023b38        0x0 C:/Users/nicol/Documents/EPFL/7Semester/EmbeddedSystems/LAB2_2_FPGA/CS-473/ES_standard_project_template_1.8/sw/nios/N_LEDS_bsp/\libhal_bsp.a(altera_avalon_jtag_uart_init.o)
 .data          0x0000000000023b38        0x0 C:/Users/nicol/Documents/EPFL/7Semester/EmbeddedSystems/LAB2_2_FPGA/CS-473/ES_standard_project_template_1.8/sw/nios/N_LEDS_bsp/\libhal_bsp.a(altera_avalon_jtag_uart_ioctl.o)
 .data          0x0000000000023b38        0x0 C:/Users/nicol/Documents/EPFL/7Semester/EmbeddedSystems/LAB2_2_FPGA/CS-473/ES_standard_project_template_1.8/sw/nios/N_LEDS_bsp/\libhal_bsp.a(altera_avalon_jtag_uart_read.o)
 .data          0x0000000000023b38        0x0 C:/Users/nicol/Documents/EPFL/7Semester/EmbeddedSystems/LAB2_2_FPGA/CS-473/ES_standard_project_template_1.8/sw/nios/N_LEDS_bsp/\libhal_bsp.a(altera_avalon_jtag_uart_write.o)
 .data          0x0000000000023b38        0x0 C:/Users/nicol/Documents/EPFL/7Semester/EmbeddedSystems/LAB2_2_FPGA/CS-473/ES_standard_project_template_1.8/sw/nios/N_LEDS_bsp/\libhal_bsp.a(alt_alarm_start.o)
 .data          0x0000000000023b38        0x0 C:/Users/nicol/Documents/EPFL/7Semester/EmbeddedSystems/LAB2_2_FPGA/CS-473/ES_standard_project_template_1.8/sw/nios/N_LEDS_bsp/\libhal_bsp.a(alt_busy_sleep.o)
 .data          0x0000000000023b38        0x0 C:/Users/nicol/Documents/EPFL/7Semester/EmbeddedSystems/LAB2_2_FPGA/CS-473/ES_standard_project_template_1.8/sw/nios/N_LEDS_bsp/\libhal_bsp.a(alt_close.o)
 .data          0x0000000000023b38        0x0 C:/Users/nicol/Documents/EPFL/7Semester/EmbeddedSystems/LAB2_2_FPGA/CS-473/ES_standard_project_template_1.8/sw/nios/N_LEDS_bsp/\libhal_bsp.a(alt_dcache_flush_all.o)
 .data          0x0000000000023b38      0x1a8 C:/Users/nicol/Documents/EPFL/7Semester/EmbeddedSystems/LAB2_2_FPGA/CS-473/ES_standard_project_template_1.8/sw/nios/N_LEDS_bsp/\libhal_bsp.a(alt_dev.o)
                0x0000000000023b38                alt_dev_null
                0x0000000000023b60                alt_fd_list
 .data          0x0000000000023ce0        0x0 C:/Users/nicol/Documents/EPFL/7Semester/EmbeddedSystems/LAB2_2_FPGA/CS-473/ES_standard_project_template_1.8/sw/nios/N_LEDS_bsp/\libhal_bsp.a(alt_dev_llist_insert.o)
 .data          0x0000000000023ce0        0x0 C:/Users/nicol/Documents/EPFL/7Semester/EmbeddedSystems/LAB2_2_FPGA/CS-473/ES_standard_project_template_1.8/sw/nios/N_LEDS_bsp/\libhal_bsp.a(alt_do_ctors.o)
 .data          0x0000000000023ce0        0x0 C:/Users/nicol/Documents/EPFL/7Semester/EmbeddedSystems/LAB2_2_FPGA/CS-473/ES_standard_project_template_1.8/sw/nios/N_LEDS_bsp/\libhal_bsp.a(alt_do_dtors.o)
 .data          0x0000000000023ce0        0x0 C:/Users/nicol/Documents/EPFL/7Semester/EmbeddedSystems/LAB2_2_FPGA/CS-473/ES_standard_project_template_1.8/sw/nios/N_LEDS_bsp/\libhal_bsp.a(alt_errno.o)
 .data          0x0000000000023ce0        0x0 C:/Users/nicol/Documents/EPFL/7Semester/EmbeddedSystems/LAB2_2_FPGA/CS-473/ES_standard_project_template_1.8/sw/nios/N_LEDS_bsp/\libhal_bsp.a(alt_icache_flush_all.o)
 .data          0x0000000000023ce0        0x0 C:/Users/nicol/Documents/EPFL/7Semester/EmbeddedSystems/LAB2_2_FPGA/CS-473/ES_standard_project_template_1.8/sw/nios/N_LEDS_bsp/\libhal_bsp.a(alt_iic.o)
 .data          0x0000000000023ce0        0x0 C:/Users/nicol/Documents/EPFL/7Semester/EmbeddedSystems/LAB2_2_FPGA/CS-473/ES_standard_project_template_1.8/sw/nios/N_LEDS_bsp/\libhal_bsp.a(alt_iic_isr_register.o)
 .data          0x0000000000023ce0        0x0 C:/Users/nicol/Documents/EPFL/7Semester/EmbeddedSystems/LAB2_2_FPGA/CS-473/ES_standard_project_template_1.8/sw/nios/N_LEDS_bsp/\libhal_bsp.a(alt_io_redirect.o)
 .data          0x0000000000023ce0        0x0 C:/Users/nicol/Documents/EPFL/7Semester/EmbeddedSystems/LAB2_2_FPGA/CS-473/ES_standard_project_template_1.8/sw/nios/N_LEDS_bsp/\libhal_bsp.a(alt_irq_entry.o)
 .data          0x0000000000023ce0        0x0 C:/Users/nicol/Documents/EPFL/7Semester/EmbeddedSystems/LAB2_2_FPGA/CS-473/ES_standard_project_template_1.8/sw/nios/N_LEDS_bsp/\libhal_bsp.a(alt_irq_handler.o)
 .data          0x0000000000023ce0        0x0 C:/Users/nicol/Documents/EPFL/7Semester/EmbeddedSystems/LAB2_2_FPGA/CS-473/ES_standard_project_template_1.8/sw/nios/N_LEDS_bsp/\libhal_bsp.a(alt_irq_vars.o)
 .data          0x0000000000023ce0        0x0 C:/Users/nicol/Documents/EPFL/7Semester/EmbeddedSystems/LAB2_2_FPGA/CS-473/ES_standard_project_template_1.8/sw/nios/N_LEDS_bsp/\libhal_bsp.a(alt_open.o)
 .data          0x0000000000023ce0        0x0 C:/Users/nicol/Documents/EPFL/7Semester/EmbeddedSystems/LAB2_2_FPGA/CS-473/ES_standard_project_template_1.8/sw/nios/N_LEDS_bsp/\libhal_bsp.a(alt_release_fd.o)
 .data          0x0000000000023ce0        0x0 C:/Users/nicol/Documents/EPFL/7Semester/EmbeddedSystems/LAB2_2_FPGA/CS-473/ES_standard_project_template_1.8/sw/nios/N_LEDS_bsp/\libhal_bsp.a(alt_tick.o)
 .data          0x0000000000023ce0        0x0 C:/Users/nicol/Documents/EPFL/7Semester/EmbeddedSystems/LAB2_2_FPGA/CS-473/ES_standard_project_template_1.8/sw/nios/N_LEDS_bsp/\libhal_bsp.a(altera_nios2_gen2_irq.o)
 .data          0x0000000000023ce0        0x0 C:/Users/nicol/Documents/EPFL/7Semester/EmbeddedSystems/LAB2_2_FPGA/CS-473/ES_standard_project_template_1.8/sw/nios/N_LEDS_bsp/\libhal_bsp.a(alt_exception_entry.o)
 .data          0x0000000000023ce0        0x0 C:/Users/nicol/Documents/EPFL/7Semester/EmbeddedSystems/LAB2_2_FPGA/CS-473/ES_standard_project_template_1.8/sw/nios/N_LEDS_bsp/\libhal_bsp.a(alt_find_dev.o)
 .data          0x0000000000023ce0        0x0 C:/Users/nicol/Documents/EPFL/7Semester/EmbeddedSystems/LAB2_2_FPGA/CS-473/ES_standard_project_template_1.8/sw/nios/N_LEDS_bsp/\libhal_bsp.a(alt_find_file.o)
 .data          0x0000000000023ce0        0x0 C:/Users/nicol/Documents/EPFL/7Semester/EmbeddedSystems/LAB2_2_FPGA/CS-473/ES_standard_project_template_1.8/sw/nios/N_LEDS_bsp/\libhal_bsp.a(alt_get_fd.o)
 .data          0x0000000000023ce0        0x0 C:/Users/nicol/Documents/EPFL/7Semester/EmbeddedSystems/LAB2_2_FPGA/CS-473/ES_standard_project_template_1.8/sw/nios/N_LEDS_bsp/\libhal_bsp.a(alt_icache_flush.o)
 .data          0x0000000000023ce0        0x0 C:/Users/nicol/Documents/EPFL/7Semester/EmbeddedSystems/LAB2_2_FPGA/CS-473/ES_standard_project_template_1.8/sw/nios/N_LEDS_bsp/\libhal_bsp.a(alt_instruction_exception_entry.o)
 .data          0x0000000000023ce0        0x0 c:/intelfpga_lite/18.1/nios2eds/bin/gnu/h-x86_64-mingw32/bin/../lib/gcc/nios2-elf/5.3.0/../../../../../H-x86_64-mingw32/nios2-elf/lib\libc.a(lib_a-atexit.o)
 .data          0x0000000000023ce0        0x0 c:/intelfpga_lite/18.1/nios2eds/bin/gnu/h-x86_64-mingw32/bin/../lib/gcc/nios2-elf/5.3.0/../../../../../H-x86_64-mingw32/nios2-elf/lib\libc.a(lib_a-exit.o)
 .data          0x0000000000023ce0        0x0 c:/intelfpga_lite/18.1/nios2eds/bin/gnu/h-x86_64-mingw32/bin/../lib/gcc/nios2-elf/5.3.0/../../../../../H-x86_64-mingw32/nios2-elf/lib\libc.a(lib_a-impure.o)
 .data.impure_data
                0x0000000000023ce0      0x424 c:/intelfpga_lite/18.1/nios2eds/bin/gnu/h-x86_64-mingw32/bin/../lib/gcc/nios2-elf/5.3.0/../../../../../H-x86_64-mingw32/nios2-elf/lib\libc.a(lib_a-impure.o)
 .data          0x0000000000024104        0x0 c:/intelfpga_lite/18.1/nios2eds/bin/gnu/h-x86_64-mingw32/bin/../lib/gcc/nios2-elf/5.3.0/../../../../../H-x86_64-mingw32/nios2-elf/lib\libc.a(lib_a-int_errno.o)
 .data          0x0000000000024104        0x0 c:/intelfpga_lite/18.1/nios2eds/bin/gnu/h-x86_64-mingw32/bin/../lib/gcc/nios2-elf/5.3.0/../../../../../H-x86_64-mingw32/nios2-elf/lib\libc.a(lib_a-memcmp.o)
 .data          0x0000000000024104        0x0 c:/intelfpga_lite/18.1/nios2eds/bin/gnu/h-x86_64-mingw32/bin/../lib/gcc/nios2-elf/5.3.0/../../../../../H-x86_64-mingw32/nios2-elf/lib\libc.a(lib_a-memcpy.o)
 .data          0x0000000000024104        0x0 c:/intelfpga_lite/18.1/nios2eds/bin/gnu/h-x86_64-mingw32/bin/../lib/gcc/nios2-elf/5.3.0/../../../../../H-x86_64-mingw32/nios2-elf/lib\libc.a(lib_a-strlen.o)
 .data          0x0000000000024104        0x0 c:/intelfpga_lite/18.1/nios2eds/bin/gnu/h-x86_64-mingw32/bin/../lib/gcc/nios2-elf/5.3.0/../../../../../H-x86_64-mingw32/nios2-elf/lib\libc.a(lib_a-__atexit.o)
 .data          0x0000000000024104        0x0 c:/intelfpga_lite/18.1/nios2eds/bin/gnu/h-x86_64-mingw32/bin/../lib/gcc/nios2-elf/5.3.0/../../../../../H-x86_64-mingw32/nios2-elf/lib\libc.a(lib_a-__call_atexit.o)
 .data          0x0000000000024104        0x0 c:/intelfpga_lite/18.1/nios2eds/bin/gnu/h-x86_64-mingw32/bin/../lib/gcc/nios2-elf/5.3.0\libgcc.a(lib2-divmod.o)
 .data          0x0000000000024104        0x0 C:/Users/nicol/Documents/EPFL/7Semester/EmbeddedSystems/LAB2_2_FPGA/CS-473/ES_standard_project_template_1.8/sw/nios/N_LEDS_bsp/\libhal_bsp.a(alt_exit.o)
                0x000000000002c104                _gp = ABSOLUTE ((. + 0x8000))
                [!provide]                        PROVIDE (gp, _gp)
 *(.rwdata .rwdata.*)
 *(.sdata .sdata.* .gnu.linkonce.s.*)
 .sdata         0x0000000000024104       0x14 C:/Users/nicol/Documents/EPFL/7Semester/EmbeddedSystems/LAB2_2_FPGA/CS-473/ES_standard_project_template_1.8/sw/nios/N_LEDS_bsp/\libhal_bsp.a(alt_dev.o)
                0x0000000000024104                alt_fs_list
                0x000000000002410c                alt_dev_list
                0x0000000000024114                alt_max_fd
 .sdata         0x0000000000024118        0x4 C:/Users/nicol/Documents/EPFL/7Semester/EmbeddedSystems/LAB2_2_FPGA/CS-473/ES_standard_project_template_1.8/sw/nios/N_LEDS_bsp/\libhal_bsp.a(alt_errno.o)
                0x0000000000024118                alt_errno
 .sdata         0x000000000002411c        0x4 C:/Users/nicol/Documents/EPFL/7Semester/EmbeddedSystems/LAB2_2_FPGA/CS-473/ES_standard_project_template_1.8/sw/nios/N_LEDS_bsp/\libhal_bsp.a(alt_irq_vars.o)
                0x000000000002411c                alt_priority_mask
 .sdata         0x0000000000024120        0x8 C:/Users/nicol/Documents/EPFL/7Semester/EmbeddedSystems/LAB2_2_FPGA/CS-473/ES_standard_project_template_1.8/sw/nios/N_LEDS_bsp/\libhal_bsp.a(alt_tick.o)
                0x0000000000024120                alt_alarm_list
 .sdata._global_impure_ptr
                0x0000000000024128        0x4 c:/intelfpga_lite/18.1/nios2eds/bin/gnu/h-x86_64-mingw32/bin/../lib/gcc/nios2-elf/5.3.0/../../../../../H-x86_64-mingw32/nios2-elf/lib\libc.a(lib_a-impure.o)
                0x0000000000024128                _global_impure_ptr
 .sdata._impure_ptr
                0x000000000002412c        0x4 c:/intelfpga_lite/18.1/nios2eds/bin/gnu/h-x86_64-mingw32/bin/../lib/gcc/nios2-elf/5.3.0/../../../../../H-x86_64-mingw32/nios2-elf/lib\libc.a(lib_a-impure.o)
                0x000000000002412c                _impure_ptr
 *(.sdata2 .sdata2.* .gnu.linkonce.s2.*)
                0x0000000000024130                . = ALIGN (0x4)
                0x0000000000024130                _edata = ABSOLUTE (.)
                [!provide]                        PROVIDE (edata, ABSOLUTE (.))
                0x0000000000024130                PROVIDE (__ram_rwdata_end, ABSOLUTE (.))
                0x0000000000024130                PROVIDE (__flash_rwdata_start, LOADADDR (.rwdata))

.bss            0x0000000000025788      0x120
                0x0000000000025788                __bss_start = ABSOLUTE (.)
                [!provide]                        PROVIDE (__sbss_start, ABSOLUTE (.))
                [!provide]                        PROVIDE (___sbss_start, ABSOLUTE (.))
 *(.dynsbss)
 *(.sbss .sbss.* .gnu.linkonce.sb.*)
 .sbss          0x0000000000025788        0xc C:/Users/nicol/Documents/EPFL/7Semester/EmbeddedSystems/LAB2_2_FPGA/CS-473/ES_standard_project_template_1.8/sw/nios/N_LEDS_bsp/\libhal_bsp.a(alt_main.o)
                0x0000000000025788                alt_argc
                0x000000000002578c                alt_argv
                0x0000000000025790                alt_envp
 .sbss          0x0000000000025794        0x4 C:/Users/nicol/Documents/EPFL/7Semester/EmbeddedSystems/LAB2_2_FPGA/CS-473/ES_standard_project_template_1.8/sw/nios/N_LEDS_bsp/\libhal_bsp.a(alt_irq_vars.o)
                0x0000000000025794                alt_irq_active
 .sbss          0x0000000000025798        0x8 C:/Users/nicol/Documents/EPFL/7Semester/EmbeddedSystems/LAB2_2_FPGA/CS-473/ES_standard_project_template_1.8/sw/nios/N_LEDS_bsp/\libhal_bsp.a(alt_tick.o)
                0x0000000000025798                _alt_tick_rate
                0x000000000002579c                _alt_nticks
 .sbss          0x00000000000257a0        0x4 C:/Users/nicol/Documents/EPFL/7Semester/EmbeddedSystems/LAB2_2_FPGA/CS-473/ES_standard_project_template_1.8/sw/nios/N_LEDS_bsp/\libhal_bsp.a(alt_instruction_exception_entry.o)
                0x00000000000257a0                alt_instruction_exception_handler
 .sbss          0x00000000000257a4        0x4 c:/intelfpga_lite/18.1/nios2eds/bin/gnu/h-x86_64-mingw32/bin/../lib/gcc/nios2-elf/5.3.0/../../../../../H-x86_64-mingw32/nios2-elf/lib\libc.a(lib_a-int_errno.o)
                0x00000000000257a4                errno
 *(.sbss2 .sbss2.* .gnu.linkonce.sb2.*)
 *(.scommon)
                [!provide]                        PROVIDE (__sbss_end, ABSOLUTE (.))
                [!provide]                        PROVIDE (___sbss_end, ABSOLUTE (.))
 *(.dynbss)
 *(.bss .bss.* .gnu.linkonce.b.*)
 .bss           0x00000000000257a8        0x0 C:/Users/nicol/Documents/EPFL/7Semester/EmbeddedSystems/LAB2_2_FPGA/CS-473/ES_standard_project_template_1.8/sw/nios/N_LEDS_bsp//obj/HAL/src/crt0.o
 .bss           0x00000000000257a8        0x0 obj/default/hello_world.o
 .bss           0x00000000000257a8        0x0 C:/Users/nicol/Documents/EPFL/7Semester/EmbeddedSystems/LAB2_2_FPGA/CS-473/ES_standard_project_template_1.8/sw/nios/N_LEDS_bsp/\libhal_bsp.a(alt_load.o)
 .bss           0x00000000000257a8        0x0 C:/Users/nicol/Documents/EPFL/7Semester/EmbeddedSystems/LAB2_2_FPGA/CS-473/ES_standard_project_template_1.8/sw/nios/N_LEDS_bsp/\libhal_bsp.a(alt_main.o)
 .bss           0x00000000000257a8        0x0 C:/Users/nicol/Documents/EPFL/7Semester/EmbeddedSystems/LAB2_2_FPGA/CS-473/ES_standard_project_template_1.8/sw/nios/N_LEDS_bsp/\libhal_bsp.a(alt_usleep.o)
 .bss           0x00000000000257a8        0x0 C:/Users/nicol/Documents/EPFL/7Semester/EmbeddedSystems/LAB2_2_FPGA/CS-473/ES_standard_project_template_1.8/sw/nios/N_LEDS_bsp/\libhal_bsp.a(alt_sys_init.o)
 .bss           0x00000000000257a8        0x0 C:/Users/nicol/Documents/EPFL/7Semester/EmbeddedSystems/LAB2_2_FPGA/CS-473/ES_standard_project_template_1.8/sw/nios/N_LEDS_bsp/\libhal_bsp.a(altera_avalon_jtag_uart_fd.o)
 .bss           0x00000000000257a8        0x0 C:/Users/nicol/Documents/EPFL/7Semester/EmbeddedSystems/LAB2_2_FPGA/CS-473/ES_standard_project_template_1.8/sw/nios/N_LEDS_bsp/\libhal_bsp.a(altera_avalon_jtag_uart_init.o)
 .bss           0x00000000000257a8        0x0 C:/Users/nicol/Documents/EPFL/7Semester/EmbeddedSystems/LAB2_2_FPGA/CS-473/ES_standard_project_template_1.8/sw/nios/N_LEDS_bsp/\libhal_bsp.a(altera_avalon_jtag_uart_ioctl.o)
 .bss           0x00000000000257a8        0x0 C:/Users/nicol/Documents/EPFL/7Semester/EmbeddedSystems/LAB2_2_FPGA/CS-473/ES_standard_project_template_1.8/sw/nios/N_LEDS_bsp/\libhal_bsp.a(altera_avalon_jtag_uart_read.o)
 .bss           0x00000000000257a8        0x0 C:/Users/nicol/Documents/EPFL/7Semester/EmbeddedSystems/LAB2_2_FPGA/CS-473/ES_standard_project_template_1.8/sw/nios/N_LEDS_bsp/\libhal_bsp.a(altera_avalon_jtag_uart_write.o)
 .bss           0x00000000000257a8        0x0 C:/Users/nicol/Documents/EPFL/7Semester/EmbeddedSystems/LAB2_2_FPGA/CS-473/ES_standard_project_template_1.8/sw/nios/N_LEDS_bsp/\libhal_bsp.a(alt_alarm_start.o)
 .bss           0x00000000000257a8        0x0 C:/Users/nicol/Documents/EPFL/7Semester/EmbeddedSystems/LAB2_2_FPGA/CS-473/ES_standard_project_template_1.8/sw/nios/N_LEDS_bsp/\libhal_bsp.a(alt_busy_sleep.o)
 .bss           0x00000000000257a8        0x0 C:/Users/nicol/Documents/EPFL/7Semester/EmbeddedSystems/LAB2_2_FPGA/CS-473/ES_standard_project_template_1.8/sw/nios/N_LEDS_bsp/\libhal_bsp.a(alt_close.o)
 .bss           0x00000000000257a8        0x0 C:/Users/nicol/Documents/EPFL/7Semester/EmbeddedSystems/LAB2_2_FPGA/CS-473/ES_standard_project_template_1.8/sw/nios/N_LEDS_bsp/\libhal_bsp.a(alt_dcache_flush_all.o)
 .bss           0x00000000000257a8        0x0 C:/Users/nicol/Documents/EPFL/7Semester/EmbeddedSystems/LAB2_2_FPGA/CS-473/ES_standard_project_template_1.8/sw/nios/N_LEDS_bsp/\libhal_bsp.a(alt_dev.o)
 .bss           0x00000000000257a8        0x0 C:/Users/nicol/Documents/EPFL/7Semester/EmbeddedSystems/LAB2_2_FPGA/CS-473/ES_standard_project_template_1.8/sw/nios/N_LEDS_bsp/\libhal_bsp.a(alt_dev_llist_insert.o)
 .bss           0x00000000000257a8        0x0 C:/Users/nicol/Documents/EPFL/7Semester/EmbeddedSystems/LAB2_2_FPGA/CS-473/ES_standard_project_template_1.8/sw/nios/N_LEDS_bsp/\libhal_bsp.a(alt_do_ctors.o)
 .bss           0x00000000000257a8        0x0 C:/Users/nicol/Documents/EPFL/7Semester/EmbeddedSystems/LAB2_2_FPGA/CS-473/ES_standard_project_template_1.8/sw/nios/N_LEDS_bsp/\libhal_bsp.a(alt_do_dtors.o)
 .bss           0x00000000000257a8        0x0 C:/Users/nicol/Documents/EPFL/7Semester/EmbeddedSystems/LAB2_2_FPGA/CS-473/ES_standard_project_template_1.8/sw/nios/N_LEDS_bsp/\libhal_bsp.a(alt_errno.o)
 .bss           0x00000000000257a8        0x0 C:/Users/nicol/Documents/EPFL/7Semester/EmbeddedSystems/LAB2_2_FPGA/CS-473/ES_standard_project_template_1.8/sw/nios/N_LEDS_bsp/\libhal_bsp.a(alt_icache_flush_all.o)
 .bss           0x00000000000257a8        0x0 C:/Users/nicol/Documents/EPFL/7Semester/EmbeddedSystems/LAB2_2_FPGA/CS-473/ES_standard_project_template_1.8/sw/nios/N_LEDS_bsp/\libhal_bsp.a(alt_iic.o)
 .bss           0x00000000000257a8        0x0 C:/Users/nicol/Documents/EPFL/7Semester/EmbeddedSystems/LAB2_2_FPGA/CS-473/ES_standard_project_template_1.8/sw/nios/N_LEDS_bsp/\libhal_bsp.a(alt_iic_isr_register.o)
 .bss           0x00000000000257a8        0x0 C:/Users/nicol/Documents/EPFL/7Semester/EmbeddedSystems/LAB2_2_FPGA/CS-473/ES_standard_project_template_1.8/sw/nios/N_LEDS_bsp/\libhal_bsp.a(alt_io_redirect.o)
 .bss           0x00000000000257a8        0x0 C:/Users/nicol/Documents/EPFL/7Semester/EmbeddedSystems/LAB2_2_FPGA/CS-473/ES_standard_project_template_1.8/sw/nios/N_LEDS_bsp/\libhal_bsp.a(alt_irq_entry.o)
 .bss           0x00000000000257a8        0x0 C:/Users/nicol/Documents/EPFL/7Semester/EmbeddedSystems/LAB2_2_FPGA/CS-473/ES_standard_project_template_1.8/sw/nios/N_LEDS_bsp/\libhal_bsp.a(alt_irq_handler.o)
 .bss           0x00000000000257a8        0x0 C:/Users/nicol/Documents/EPFL/7Semester/EmbeddedSystems/LAB2_2_FPGA/CS-473/ES_standard_project_template_1.8/sw/nios/N_LEDS_bsp/\libhal_bsp.a(alt_irq_vars.o)
 .bss           0x00000000000257a8        0x0 C:/Users/nicol/Documents/EPFL/7Semester/EmbeddedSystems/LAB2_2_FPGA/CS-473/ES_standard_project_template_1.8/sw/nios/N_LEDS_bsp/\libhal_bsp.a(alt_open.o)
 .bss           0x00000000000257a8        0x0 C:/Users/nicol/Documents/EPFL/7Semester/EmbeddedSystems/LAB2_2_FPGA/CS-473/ES_standard_project_template_1.8/sw/nios/N_LEDS_bsp/\libhal_bsp.a(alt_release_fd.o)
 .bss           0x00000000000257a8        0x0 C:/Users/nicol/Documents/EPFL/7Semester/EmbeddedSystems/LAB2_2_FPGA/CS-473/ES_standard_project_template_1.8/sw/nios/N_LEDS_bsp/\libhal_bsp.a(alt_tick.o)
 .bss           0x00000000000257a8        0x0 C:/Users/nicol/Documents/EPFL/7Semester/EmbeddedSystems/LAB2_2_FPGA/CS-473/ES_standard_project_template_1.8/sw/nios/N_LEDS_bsp/\libhal_bsp.a(altera_nios2_gen2_irq.o)
 .bss           0x00000000000257a8        0x0 C:/Users/nicol/Documents/EPFL/7Semester/EmbeddedSystems/LAB2_2_FPGA/CS-473/ES_standard_project_template_1.8/sw/nios/N_LEDS_bsp/\libhal_bsp.a(alt_exception_entry.o)
 .bss           0x00000000000257a8        0x0 C:/Users/nicol/Documents/EPFL/7Semester/EmbeddedSystems/LAB2_2_FPGA/CS-473/ES_standard_project_template_1.8/sw/nios/N_LEDS_bsp/\libhal_bsp.a(alt_find_dev.o)
 .bss           0x00000000000257a8        0x0 C:/Users/nicol/Documents/EPFL/7Semester/EmbeddedSystems/LAB2_2_FPGA/CS-473/ES_standard_project_template_1.8/sw/nios/N_LEDS_bsp/\libhal_bsp.a(alt_find_file.o)
 .bss           0x00000000000257a8        0x0 C:/Users/nicol/Documents/EPFL/7Semester/EmbeddedSystems/LAB2_2_FPGA/CS-473/ES_standard_project_template_1.8/sw/nios/N_LEDS_bsp/\libhal_bsp.a(alt_get_fd.o)
 .bss           0x00000000000257a8        0x0 C:/Users/nicol/Documents/EPFL/7Semester/EmbeddedSystems/LAB2_2_FPGA/CS-473/ES_standard_project_template_1.8/sw/nios/N_LEDS_bsp/\libhal_bsp.a(alt_icache_flush.o)
 .bss           0x00000000000257a8        0x0 C:/Users/nicol/Documents/EPFL/7Semester/EmbeddedSystems/LAB2_2_FPGA/CS-473/ES_standard_project_template_1.8/sw/nios/N_LEDS_bsp/\libhal_bsp.a(alt_instruction_exception_entry.o)
 .bss           0x00000000000257a8        0x0 c:/intelfpga_lite/18.1/nios2eds/bin/gnu/h-x86_64-mingw32/bin/../lib/gcc/nios2-elf/5.3.0/../../../../../H-x86_64-mingw32/nios2-elf/lib\libc.a(lib_a-atexit.o)
 .bss           0x00000000000257a8        0x0 c:/intelfpga_lite/18.1/nios2eds/bin/gnu/h-x86_64-mingw32/bin/../lib/gcc/nios2-elf/5.3.0/../../../../../H-x86_64-mingw32/nios2-elf/lib\libc.a(lib_a-exit.o)
 .bss           0x00000000000257a8        0x0 c:/intelfpga_lite/18.1/nios2eds/bin/gnu/h-x86_64-mingw32/bin/../lib/gcc/nios2-elf/5.3.0/../../../../../H-x86_64-mingw32/nios2-elf/lib\libc.a(lib_a-impure.o)
 .bss           0x00000000000257a8        0x0 c:/intelfpga_lite/18.1/nios2eds/bin/gnu/h-x86_64-mingw32/bin/../lib/gcc/nios2-elf/5.3.0/../../../../../H-x86_64-mingw32/nios2-elf/lib\libc.a(lib_a-int_errno.o)
 .bss           0x00000000000257a8        0x0 c:/intelfpga_lite/18.1/nios2eds/bin/gnu/h-x86_64-mingw32/bin/../lib/gcc/nios2-elf/5.3.0/../../../../../H-x86_64-mingw32/nios2-elf/lib\libc.a(lib_a-memcmp.o)
 .bss           0x00000000000257a8        0x0 c:/intelfpga_lite/18.1/nios2eds/bin/gnu/h-x86_64-mingw32/bin/../lib/gcc/nios2-elf/5.3.0/../../../../../H-x86_64-mingw32/nios2-elf/lib\libc.a(lib_a-memcpy.o)
 .bss           0x00000000000257a8        0x0 c:/intelfpga_lite/18.1/nios2eds/bin/gnu/h-x86_64-mingw32/bin/../lib/gcc/nios2-elf/5.3.0/../../../../../H-x86_64-mingw32/nios2-elf/lib\libc.a(lib_a-strlen.o)
 .bss           0x00000000000257a8        0x0 c:/intelfpga_lite/18.1/nios2eds/bin/gnu/h-x86_64-mingw32/bin/../lib/gcc/nios2-elf/5.3.0/../../../../../H-x86_64-mingw32/nios2-elf/lib\libc.a(lib_a-__atexit.o)
 .bss           0x00000000000257a8        0x0 c:/intelfpga_lite/18.1/nios2eds/bin/gnu/h-x86_64-mingw32/bin/../lib/gcc/nios2-elf/5.3.0/../../../../../H-x86_64-mingw32/nios2-elf/lib\libc.a(lib_a-__call_atexit.o)
 .bss           0x00000000000257a8        0x0 c:/intelfpga_lite/18.1/nios2eds/bin/gnu/h-x86_64-mingw32/bin/../lib/gcc/nios2-elf/5.3.0\libgcc.a(lib2-divmod.o)
 .bss           0x00000000000257a8        0x0 C:/Users/nicol/Documents/EPFL/7Semester/EmbeddedSystems/LAB2_2_FPGA/CS-473/ES_standard_project_template_1.8/sw/nios/N_LEDS_bsp/\libhal_bsp.a(alt_exit.o)
 *(COMMON)
 COMMON         0x00000000000257a8      0x100 C:/Users/nicol/Documents/EPFL/7Semester/EmbeddedSystems/LAB2_2_FPGA/CS-473/ES_standard_project_template_1.8/sw/nios/N_LEDS_bsp/\libhal_bsp.a(alt_irq_handler.o)
                0x00000000000257a8                alt_irq
                0x00000000000258a8                . = ALIGN (0x4)
                0x00000000000258a8                __bss_end = ABSOLUTE (.)

.onchip_memory2_0
                0x00000000000258a8        0x0
                [!provide]                        PROVIDE (_alt_partition_onchip_memory2_0_start, ABSOLUTE (.))
 *(.onchip_memory2_0 .onchip_memory2_0. onchip_memory2_0.*)
                0x00000000000258a8                . = ALIGN (0x4)
                [!provide]                        PROVIDE (_alt_partition_onchip_memory2_0_end, ABSOLUTE (.))
                0x00000000000258a8                _end = ABSOLUTE (.)
                0x00000000000258a8                end = ABSOLUTE (.)
                0x00000000000258a8                __alt_stack_base = ABSOLUTE (.)
                [!provide]                        PROVIDE (_alt_partition_onchip_memory2_0_load_addr, LOADADDR (.onchip_memory2_0))

.stab
 *(.stab)

.stabstr
 *(.stabstr)

.stab.excl
 *(.stab.excl)

.stab.exclstr
 *(.stab.exclstr)

.stab.index
 *(.stab.index)

.stab.indexstr
 *(.stab.indexstr)

.comment        0x0000000000000000       0x23
 *(.comment)
 .comment       0x0000000000000000       0x23 obj/default/hello_world.o
                                         0x24 (size before relaxing)
 .comment       0x0000000000000023       0x24 C:/Users/nicol/Documents/EPFL/7Semester/EmbeddedSystems/LAB2_2_FPGA/CS-473/ES_standard_project_template_1.8/sw/nios/N_LEDS_bsp/\libhal_bsp.a(alt_load.o)
 .comment       0x0000000000000023       0x24 C:/Users/nicol/Documents/EPFL/7Semester/EmbeddedSystems/LAB2_2_FPGA/CS-473/ES_standard_project_template_1.8/sw/nios/N_LEDS_bsp/\libhal_bsp.a(alt_main.o)
 .comment       0x0000000000000023       0x24 C:/Users/nicol/Documents/EPFL/7Semester/EmbeddedSystems/LAB2_2_FPGA/CS-473/ES_standard_project_template_1.8/sw/nios/N_LEDS_bsp/\libhal_bsp.a(alt_usleep.o)
 .comment       0x0000000000000023       0x24 C:/Users/nicol/Documents/EPFL/7Semester/EmbeddedSystems/LAB2_2_FPGA/CS-473/ES_standard_project_template_1.8/sw/nios/N_LEDS_bsp/\libhal_bsp.a(alt_sys_init.o)
 .comment       0x0000000000000023       0x24 C:/Users/nicol/Documents/EPFL/7Semester/EmbeddedSystems/LAB2_2_FPGA/CS-473/ES_standard_project_template_1.8/sw/nios/N_LEDS_bsp/\libhal_bsp.a(altera_avalon_jtag_uart_fd.o)
 .comment       0x0000000000000023       0x24 C:/Users/nicol/Documents/EPFL/7Semester/EmbeddedSystems/LAB2_2_FPGA/CS-473/ES_standard_project_template_1.8/sw/nios/N_LEDS_bsp/\libhal_bsp.a(altera_avalon_jtag_uart_init.o)
 .comment       0x0000000000000023       0x24 C:/Users/nicol/Documents/EPFL/7Semester/EmbeddedSystems/LAB2_2_FPGA/CS-473/ES_standard_project_template_1.8/sw/nios/N_LEDS_bsp/\libhal_bsp.a(altera_avalon_jtag_uart_ioctl.o)
 .comment       0x0000000000000023       0x24 C:/Users/nicol/Documents/EPFL/7Semester/EmbeddedSystems/LAB2_2_FPGA/CS-473/ES_standard_project_template_1.8/sw/nios/N_LEDS_bsp/\libhal_bsp.a(altera_avalon_jtag_uart_read.o)
 .comment       0x0000000000000023       0x24 C:/Users/nicol/Documents/EPFL/7Semester/EmbeddedSystems/LAB2_2_FPGA/CS-473/ES_standard_project_template_1.8/sw/nios/N_LEDS_bsp/\libhal_bsp.a(altera_avalon_jtag_uart_write.o)
 .comment       0x0000000000000023       0x24 C:/Users/nicol/Documents/EPFL/7Semester/EmbeddedSystems/LAB2_2_FPGA/CS-473/ES_standard_project_template_1.8/sw/nios/N_LEDS_bsp/\libhal_bsp.a(alt_alarm_start.o)
 .comment       0x0000000000000023       0x24 C:/Users/nicol/Documents/EPFL/7Semester/EmbeddedSystems/LAB2_2_FPGA/CS-473/ES_standard_project_template_1.8/sw/nios/N_LEDS_bsp/\libhal_bsp.a(alt_busy_sleep.o)
 .comment       0x0000000000000023       0x24 C:/Users/nicol/Documents/EPFL/7Semester/EmbeddedSystems/LAB2_2_FPGA/CS-473/ES_standard_project_template_1.8/sw/nios/N_LEDS_bsp/\libhal_bsp.a(alt_close.o)
 .comment       0x0000000000000023       0x24 C:/Users/nicol/Documents/EPFL/7Semester/EmbeddedSystems/LAB2_2_FPGA/CS-473/ES_standard_project_template_1.8/sw/nios/N_LEDS_bsp/\libhal_bsp.a(alt_dcache_flush_all.o)
 .comment       0x0000000000000023       0x24 C:/Users/nicol/Documents/EPFL/7Semester/EmbeddedSystems/LAB2_2_FPGA/CS-473/ES_standard_project_template_1.8/sw/nios/N_LEDS_bsp/\libhal_bsp.a(alt_dev.o)
 .comment       0x0000000000000023       0x24 C:/Users/nicol/Documents/EPFL/7Semester/EmbeddedSystems/LAB2_2_FPGA/CS-473/ES_standard_project_template_1.8/sw/nios/N_LEDS_bsp/\libhal_bsp.a(alt_dev_llist_insert.o)
 .comment       0x0000000000000023       0x24 C:/Users/nicol/Documents/EPFL/7Semester/EmbeddedSystems/LAB2_2_FPGA/CS-473/ES_standard_project_template_1.8/sw/nios/N_LEDS_bsp/\libhal_bsp.a(alt_do_ctors.o)
 .comment       0x0000000000000023       0x24 C:/Users/nicol/Documents/EPFL/7Semester/EmbeddedSystems/LAB2_2_FPGA/CS-473/ES_standard_project_template_1.8/sw/nios/N_LEDS_bsp/\libhal_bsp.a(alt_do_dtors.o)
 .comment       0x0000000000000023       0x24 C:/Users/nicol/Documents/EPFL/7Semester/EmbeddedSystems/LAB2_2_FPGA/CS-473/ES_standard_project_template_1.8/sw/nios/N_LEDS_bsp/\libhal_bsp.a(alt_errno.o)
 .comment       0x0000000000000023       0x24 C:/Users/nicol/Documents/EPFL/7Semester/EmbeddedSystems/LAB2_2_FPGA/CS-473/ES_standard_project_template_1.8/sw/nios/N_LEDS_bsp/\libhal_bsp.a(alt_icache_flush_all.o)
 .comment       0x0000000000000023       0x24 C:/Users/nicol/Documents/EPFL/7Semester/EmbeddedSystems/LAB2_2_FPGA/CS-473/ES_standard_project_template_1.8/sw/nios/N_LEDS_bsp/\libhal_bsp.a(alt_iic.o)
 .comment       0x0000000000000023       0x24 C:/Users/nicol/Documents/EPFL/7Semester/EmbeddedSystems/LAB2_2_FPGA/CS-473/ES_standard_project_template_1.8/sw/nios/N_LEDS_bsp/\libhal_bsp.a(alt_iic_isr_register.o)
 .comment       0x0000000000000023       0x24 C:/Users/nicol/Documents/EPFL/7Semester/EmbeddedSystems/LAB2_2_FPGA/CS-473/ES_standard_project_template_1.8/sw/nios/N_LEDS_bsp/\libhal_bsp.a(alt_io_redirect.o)
 .comment       0x0000000000000023       0x24 C:/Users/nicol/Documents/EPFL/7Semester/EmbeddedSystems/LAB2_2_FPGA/CS-473/ES_standard_project_template_1.8/sw/nios/N_LEDS_bsp/\libhal_bsp.a(alt_irq_handler.o)
 .comment       0x0000000000000023       0x24 C:/Users/nicol/Documents/EPFL/7Semester/EmbeddedSystems/LAB2_2_FPGA/CS-473/ES_standard_project_template_1.8/sw/nios/N_LEDS_bsp/\libhal_bsp.a(alt_irq_vars.o)
 .comment       0x0000000000000023       0x24 C:/Users/nicol/Documents/EPFL/7Semester/EmbeddedSystems/LAB2_2_FPGA/CS-473/ES_standard_project_template_1.8/sw/nios/N_LEDS_bsp/\libhal_bsp.a(alt_open.o)
 .comment       0x0000000000000023       0x24 C:/Users/nicol/Documents/EPFL/7Semester/EmbeddedSystems/LAB2_2_FPGA/CS-473/ES_standard_project_template_1.8/sw/nios/N_LEDS_bsp/\libhal_bsp.a(alt_release_fd.o)
 .comment       0x0000000000000023       0x24 C:/Users/nicol/Documents/EPFL/7Semester/EmbeddedSystems/LAB2_2_FPGA/CS-473/ES_standard_project_template_1.8/sw/nios/N_LEDS_bsp/\libhal_bsp.a(alt_tick.o)
 .comment       0x0000000000000023       0x24 C:/Users/nicol/Documents/EPFL/7Semester/EmbeddedSystems/LAB2_2_FPGA/CS-473/ES_standard_project_template_1.8/sw/nios/N_LEDS_bsp/\libhal_bsp.a(altera_nios2_gen2_irq.o)
 .comment       0x0000000000000023       0x24 C:/Users/nicol/Documents/EPFL/7Semester/EmbeddedSystems/LAB2_2_FPGA/CS-473/ES_standard_project_template_1.8/sw/nios/N_LEDS_bsp/\libhal_bsp.a(alt_find_dev.o)
 .comment       0x0000000000000023       0x24 C:/Users/nicol/Documents/EPFL/7Semester/EmbeddedSystems/LAB2_2_FPGA/CS-473/ES_standard_project_template_1.8/sw/nios/N_LEDS_bsp/\libhal_bsp.a(alt_find_file.o)
 .comment       0x0000000000000023       0x24 C:/Users/nicol/Documents/EPFL/7Semester/EmbeddedSystems/LAB2_2_FPGA/CS-473/ES_standard_project_template_1.8/sw/nios/N_LEDS_bsp/\libhal_bsp.a(alt_get_fd.o)
 .comment       0x0000000000000023       0x24 C:/Users/nicol/Documents/EPFL/7Semester/EmbeddedSystems/LAB2_2_FPGA/CS-473/ES_standard_project_template_1.8/sw/nios/N_LEDS_bsp/\libhal_bsp.a(alt_icache_flush.o)
 .comment       0x0000000000000023       0x24 C:/Users/nicol/Documents/EPFL/7Semester/EmbeddedSystems/LAB2_2_FPGA/CS-473/ES_standard_project_template_1.8/sw/nios/N_LEDS_bsp/\libhal_bsp.a(alt_instruction_exception_entry.o)
 .comment       0x0000000000000023       0x24 c:/intelfpga_lite/18.1/nios2eds/bin/gnu/h-x86_64-mingw32/bin/../lib/gcc/nios2-elf/5.3.0/../../../../../H-x86_64-mingw32/nios2-elf/lib\libc.a(lib_a-atexit.o)
 .comment       0x0000000000000023       0x24 c:/intelfpga_lite/18.1/nios2eds/bin/gnu/h-x86_64-mingw32/bin/../lib/gcc/nios2-elf/5.3.0/../../../../../H-x86_64-mingw32/nios2-elf/lib\libc.a(lib_a-exit.o)
 .comment       0x0000000000000023       0x24 c:/intelfpga_lite/18.1/nios2eds/bin/gnu/h-x86_64-mingw32/bin/../lib/gcc/nios2-elf/5.3.0/../../../../../H-x86_64-mingw32/nios2-elf/lib\libc.a(lib_a-impure.o)
 .comment       0x0000000000000023       0x24 c:/intelfpga_lite/18.1/nios2eds/bin/gnu/h-x86_64-mingw32/bin/../lib/gcc/nios2-elf/5.3.0/../../../../../H-x86_64-mingw32/nios2-elf/lib\libc.a(lib_a-int_errno.o)
 .comment       0x0000000000000023       0x24 c:/intelfpga_lite/18.1/nios2eds/bin/gnu/h-x86_64-mingw32/bin/../lib/gcc/nios2-elf/5.3.0/../../../../../H-x86_64-mingw32/nios2-elf/lib\libc.a(lib_a-memcmp.o)
 .comment       0x0000000000000023       0x24 c:/intelfpga_lite/18.1/nios2eds/bin/gnu/h-x86_64-mingw32/bin/../lib/gcc/nios2-elf/5.3.0/../../../../../H-x86_64-mingw32/nios2-elf/lib\libc.a(lib_a-memcpy.o)
 .comment       0x0000000000000023       0x24 c:/intelfpga_lite/18.1/nios2eds/bin/gnu/h-x86_64-mingw32/bin/../lib/gcc/nios2-elf/5.3.0/../../../../../H-x86_64-mingw32/nios2-elf/lib\libc.a(lib_a-strlen.o)
 .comment       0x0000000000000023       0x24 c:/intelfpga_lite/18.1/nios2eds/bin/gnu/h-x86_64-mingw32/bin/../lib/gcc/nios2-elf/5.3.0/../../../../../H-x86_64-mingw32/nios2-elf/lib\libc.a(lib_a-__atexit.o)
 .comment       0x0000000000000023       0x24 c:/intelfpga_lite/18.1/nios2eds/bin/gnu/h-x86_64-mingw32/bin/../lib/gcc/nios2-elf/5.3.0/../../../../../H-x86_64-mingw32/nios2-elf/lib\libc.a(lib_a-__call_atexit.o)
 .comment       0x0000000000000023       0x24 c:/intelfpga_lite/18.1/nios2eds/bin/gnu/h-x86_64-mingw32/bin/../lib/gcc/nios2-elf/5.3.0\libgcc.a(lib2-divmod.o)
 .comment       0x0000000000000023       0x24 C:/Users/nicol/Documents/EPFL/7Semester/EmbeddedSystems/LAB2_2_FPGA/CS-473/ES_standard_project_template_1.8/sw/nios/N_LEDS_bsp/\libhal_bsp.a(alt_exit.o)

.debug
 *(.debug)

.line
 *(.line)

.debug_srcinfo
 *(.debug_srcinfo)

.debug_sfnames
 *(.debug_sfnames)

.debug_aranges  0x0000000000000000      0x618
 *(.debug_aranges)
 .debug_aranges
                0x0000000000000000       0x28 C:/Users/nicol/Documents/EPFL/7Semester/EmbeddedSystems/LAB2_2_FPGA/CS-473/ES_standard_project_template_1.8/sw/nios/N_LEDS_bsp//obj/HAL/src/crt0.o
 .debug_aranges
                0x0000000000000028       0x20 obj/default/hello_world.o
 .debug_aranges
                0x0000000000000048       0x20 C:/Users/nicol/Documents/EPFL/7Semester/EmbeddedSystems/LAB2_2_FPGA/CS-473/ES_standard_project_template_1.8/sw/nios/N_LEDS_bsp/\libhal_bsp.a(alt_load.o)
 .debug_aranges
                0x0000000000000068       0x20 C:/Users/nicol/Documents/EPFL/7Semester/EmbeddedSystems/LAB2_2_FPGA/CS-473/ES_standard_project_template_1.8/sw/nios/N_LEDS_bsp/\libhal_bsp.a(alt_main.o)
 .debug_aranges
                0x0000000000000088       0x20 C:/Users/nicol/Documents/EPFL/7Semester/EmbeddedSystems/LAB2_2_FPGA/CS-473/ES_standard_project_template_1.8/sw/nios/N_LEDS_bsp/\libhal_bsp.a(alt_usleep.o)
 .debug_aranges
                0x00000000000000a8       0x20 C:/Users/nicol/Documents/EPFL/7Semester/EmbeddedSystems/LAB2_2_FPGA/CS-473/ES_standard_project_template_1.8/sw/nios/N_LEDS_bsp/\libhal_bsp.a(alt_sys_init.o)
 .debug_aranges
                0x00000000000000c8       0x20 C:/Users/nicol/Documents/EPFL/7Semester/EmbeddedSystems/LAB2_2_FPGA/CS-473/ES_standard_project_template_1.8/sw/nios/N_LEDS_bsp/\libhal_bsp.a(altera_avalon_jtag_uart_fd.o)
 .debug_aranges
                0x00000000000000e8       0x20 C:/Users/nicol/Documents/EPFL/7Semester/EmbeddedSystems/LAB2_2_FPGA/CS-473/ES_standard_project_template_1.8/sw/nios/N_LEDS_bsp/\libhal_bsp.a(altera_avalon_jtag_uart_init.o)
 .debug_aranges
                0x0000000000000108       0x20 C:/Users/nicol/Documents/EPFL/7Semester/EmbeddedSystems/LAB2_2_FPGA/CS-473/ES_standard_project_template_1.8/sw/nios/N_LEDS_bsp/\libhal_bsp.a(altera_avalon_jtag_uart_ioctl.o)
 .debug_aranges
                0x0000000000000128       0x20 C:/Users/nicol/Documents/EPFL/7Semester/EmbeddedSystems/LAB2_2_FPGA/CS-473/ES_standard_project_template_1.8/sw/nios/N_LEDS_bsp/\libhal_bsp.a(altera_avalon_jtag_uart_read.o)
 .debug_aranges
                0x0000000000000148       0x20 C:/Users/nicol/Documents/EPFL/7Semester/EmbeddedSystems/LAB2_2_FPGA/CS-473/ES_standard_project_template_1.8/sw/nios/N_LEDS_bsp/\libhal_bsp.a(altera_avalon_jtag_uart_write.o)
 .debug_aranges
                0x0000000000000168       0x20 C:/Users/nicol/Documents/EPFL/7Semester/EmbeddedSystems/LAB2_2_FPGA/CS-473/ES_standard_project_template_1.8/sw/nios/N_LEDS_bsp/\libhal_bsp.a(alt_alarm_start.o)
 .debug_aranges
                0x0000000000000188       0x20 C:/Users/nicol/Documents/EPFL/7Semester/EmbeddedSystems/LAB2_2_FPGA/CS-473/ES_standard_project_template_1.8/sw/nios/N_LEDS_bsp/\libhal_bsp.a(alt_busy_sleep.o)
 .debug_aranges
                0x00000000000001a8       0x20 C:/Users/nicol/Documents/EPFL/7Semester/EmbeddedSystems/LAB2_2_FPGA/CS-473/ES_standard_project_template_1.8/sw/nios/N_LEDS_bsp/\libhal_bsp.a(alt_close.o)
 .debug_aranges
                0x00000000000001c8       0x20 C:/Users/nicol/Documents/EPFL/7Semester/EmbeddedSystems/LAB2_2_FPGA/CS-473/ES_standard_project_template_1.8/sw/nios/N_LEDS_bsp/\libhal_bsp.a(alt_dcache_flush_all.o)
 .debug_aranges
                0x00000000000001e8       0x20 C:/Users/nicol/Documents/EPFL/7Semester/EmbeddedSystems/LAB2_2_FPGA/CS-473/ES_standard_project_template_1.8/sw/nios/N_LEDS_bsp/\libhal_bsp.a(alt_dev.o)
 .debug_aranges
                0x0000000000000208       0x20 C:/Users/nicol/Documents/EPFL/7Semester/EmbeddedSystems/LAB2_2_FPGA/CS-473/ES_standard_project_template_1.8/sw/nios/N_LEDS_bsp/\libhal_bsp.a(alt_dev_llist_insert.o)
 .debug_aranges
                0x0000000000000228       0x20 C:/Users/nicol/Documents/EPFL/7Semester/EmbeddedSystems/LAB2_2_FPGA/CS-473/ES_standard_project_template_1.8/sw/nios/N_LEDS_bsp/\libhal_bsp.a(alt_do_ctors.o)
 .debug_aranges
                0x0000000000000248       0x20 C:/Users/nicol/Documents/EPFL/7Semester/EmbeddedSystems/LAB2_2_FPGA/CS-473/ES_standard_project_template_1.8/sw/nios/N_LEDS_bsp/\libhal_bsp.a(alt_do_dtors.o)
 .debug_aranges
                0x0000000000000268       0x18 C:/Users/nicol/Documents/EPFL/7Semester/EmbeddedSystems/LAB2_2_FPGA/CS-473/ES_standard_project_template_1.8/sw/nios/N_LEDS_bsp/\libhal_bsp.a(alt_errno.o)
 .debug_aranges
                0x0000000000000280       0x20 C:/Users/nicol/Documents/EPFL/7Semester/EmbeddedSystems/LAB2_2_FPGA/CS-473/ES_standard_project_template_1.8/sw/nios/N_LEDS_bsp/\libhal_bsp.a(alt_icache_flush_all.o)
 .debug_aranges
                0x00000000000002a0       0x20 C:/Users/nicol/Documents/EPFL/7Semester/EmbeddedSystems/LAB2_2_FPGA/CS-473/ES_standard_project_template_1.8/sw/nios/N_LEDS_bsp/\libhal_bsp.a(alt_iic.o)
 .debug_aranges
                0x00000000000002c0       0x20 C:/Users/nicol/Documents/EPFL/7Semester/EmbeddedSystems/LAB2_2_FPGA/CS-473/ES_standard_project_template_1.8/sw/nios/N_LEDS_bsp/\libhal_bsp.a(alt_iic_isr_register.o)
 .debug_aranges
                0x00000000000002e0       0x20 C:/Users/nicol/Documents/EPFL/7Semester/EmbeddedSystems/LAB2_2_FPGA/CS-473/ES_standard_project_template_1.8/sw/nios/N_LEDS_bsp/\libhal_bsp.a(alt_io_redirect.o)
 .debug_aranges
                0x0000000000000300       0x30 C:/Users/nicol/Documents/EPFL/7Semester/EmbeddedSystems/LAB2_2_FPGA/CS-473/ES_standard_project_template_1.8/sw/nios/N_LEDS_bsp/\libhal_bsp.a(alt_irq_entry.o)
 .debug_aranges
                0x0000000000000330       0x20 C:/Users/nicol/Documents/EPFL/7Semester/EmbeddedSystems/LAB2_2_FPGA/CS-473/ES_standard_project_template_1.8/sw/nios/N_LEDS_bsp/\libhal_bsp.a(alt_irq_handler.o)
 .debug_aranges
                0x0000000000000350       0x18 C:/Users/nicol/Documents/EPFL/7Semester/EmbeddedSystems/LAB2_2_FPGA/CS-473/ES_standard_project_template_1.8/sw/nios/N_LEDS_bsp/\libhal_bsp.a(alt_irq_vars.o)
 .debug_aranges
                0x0000000000000368       0x20 C:/Users/nicol/Documents/EPFL/7Semester/EmbeddedSystems/LAB2_2_FPGA/CS-473/ES_standard_project_template_1.8/sw/nios/N_LEDS_bsp/\libhal_bsp.a(alt_open.o)
 .debug_aranges
                0x0000000000000388       0x20 C:/Users/nicol/Documents/EPFL/7Semester/EmbeddedSystems/LAB2_2_FPGA/CS-473/ES_standard_project_template_1.8/sw/nios/N_LEDS_bsp/\libhal_bsp.a(alt_release_fd.o)
 .debug_aranges
                0x00000000000003a8       0x20 C:/Users/nicol/Documents/EPFL/7Semester/EmbeddedSystems/LAB2_2_FPGA/CS-473/ES_standard_project_template_1.8/sw/nios/N_LEDS_bsp/\libhal_bsp.a(alt_tick.o)
 .debug_aranges
                0x00000000000003c8       0x20 C:/Users/nicol/Documents/EPFL/7Semester/EmbeddedSystems/LAB2_2_FPGA/CS-473/ES_standard_project_template_1.8/sw/nios/N_LEDS_bsp/\libhal_bsp.a(altera_nios2_gen2_irq.o)
 .debug_aranges
                0x00000000000003e8       0x38 C:/Users/nicol/Documents/EPFL/7Semester/EmbeddedSystems/LAB2_2_FPGA/CS-473/ES_standard_project_template_1.8/sw/nios/N_LEDS_bsp/\libhal_bsp.a(alt_exception_entry.o)
 .debug_aranges
                0x0000000000000420       0x20 C:/Users/nicol/Documents/EPFL/7Semester/EmbeddedSystems/LAB2_2_FPGA/CS-473/ES_standard_project_template_1.8/sw/nios/N_LEDS_bsp/\libhal_bsp.a(alt_find_dev.o)
 .debug_aranges
                0x0000000000000440       0x20 C:/Users/nicol/Documents/EPFL/7Semester/EmbeddedSystems/LAB2_2_FPGA/CS-473/ES_standard_project_template_1.8/sw/nios/N_LEDS_bsp/\libhal_bsp.a(alt_find_file.o)
 .debug_aranges
                0x0000000000000460       0x20 C:/Users/nicol/Documents/EPFL/7Semester/EmbeddedSystems/LAB2_2_FPGA/CS-473/ES_standard_project_template_1.8/sw/nios/N_LEDS_bsp/\libhal_bsp.a(alt_get_fd.o)
 .debug_aranges
                0x0000000000000480       0x20 C:/Users/nicol/Documents/EPFL/7Semester/EmbeddedSystems/LAB2_2_FPGA/CS-473/ES_standard_project_template_1.8/sw/nios/N_LEDS_bsp/\libhal_bsp.a(alt_icache_flush.o)
 .debug_aranges
                0x00000000000004a0       0x28 C:/Users/nicol/Documents/EPFL/7Semester/EmbeddedSystems/LAB2_2_FPGA/CS-473/ES_standard_project_template_1.8/sw/nios/N_LEDS_bsp/\libhal_bsp.a(alt_instruction_exception_entry.o)
 .debug_aranges
                0x00000000000004c8       0x20 c:/intelfpga_lite/18.1/nios2eds/bin/gnu/h-x86_64-mingw32/bin/../lib/gcc/nios2-elf/5.3.0/../../../../../H-x86_64-mingw32/nios2-elf/lib\libc.a(lib_a-atexit.o)
 .debug_aranges
                0x00000000000004e8       0x20 c:/intelfpga_lite/18.1/nios2eds/bin/gnu/h-x86_64-mingw32/bin/../lib/gcc/nios2-elf/5.3.0/../../../../../H-x86_64-mingw32/nios2-elf/lib\libc.a(lib_a-exit.o)
 .debug_aranges
                0x0000000000000508       0x18 c:/intelfpga_lite/18.1/nios2eds/bin/gnu/h-x86_64-mingw32/bin/../lib/gcc/nios2-elf/5.3.0/../../../../../H-x86_64-mingw32/nios2-elf/lib\libc.a(lib_a-impure.o)
 .debug_aranges
                0x0000000000000520       0x18 c:/intelfpga_lite/18.1/nios2eds/bin/gnu/h-x86_64-mingw32/bin/../lib/gcc/nios2-elf/5.3.0/../../../../../H-x86_64-mingw32/nios2-elf/lib\libc.a(lib_a-int_errno.o)
 .debug_aranges
                0x0000000000000538       0x20 c:/intelfpga_lite/18.1/nios2eds/bin/gnu/h-x86_64-mingw32/bin/../lib/gcc/nios2-elf/5.3.0/../../../../../H-x86_64-mingw32/nios2-elf/lib\libc.a(lib_a-memcmp.o)
 .debug_aranges
                0x0000000000000558       0x20 c:/intelfpga_lite/18.1/nios2eds/bin/gnu/h-x86_64-mingw32/bin/../lib/gcc/nios2-elf/5.3.0/../../../../../H-x86_64-mingw32/nios2-elf/lib\libc.a(lib_a-memcpy.o)
 .debug_aranges
                0x0000000000000578       0x20 c:/intelfpga_lite/18.1/nios2eds/bin/gnu/h-x86_64-mingw32/bin/../lib/gcc/nios2-elf/5.3.0/../../../../../H-x86_64-mingw32/nios2-elf/lib\libc.a(lib_a-strlen.o)
 .debug_aranges
                0x0000000000000598       0x20 c:/intelfpga_lite/18.1/nios2eds/bin/gnu/h-x86_64-mingw32/bin/../lib/gcc/nios2-elf/5.3.0/../../../../../H-x86_64-mingw32/nios2-elf/lib\libc.a(lib_a-__atexit.o)
 .debug_aranges
                0x00000000000005b8       0x20 c:/intelfpga_lite/18.1/nios2eds/bin/gnu/h-x86_64-mingw32/bin/../lib/gcc/nios2-elf/5.3.0/../../../../../H-x86_64-mingw32/nios2-elf/lib\libc.a(lib_a-__call_atexit.o)
 .debug_aranges
                0x00000000000005d8       0x20 c:/intelfpga_lite/18.1/nios2eds/bin/gnu/h-x86_64-mingw32/bin/../lib/gcc/nios2-elf/5.3.0\libgcc.a(lib2-divmod.o)
 .debug_aranges
                0x00000000000005f8       0x20 C:/Users/nicol/Documents/EPFL/7Semester/EmbeddedSystems/LAB2_2_FPGA/CS-473/ES_standard_project_template_1.8/sw/nios/N_LEDS_bsp/\libhal_bsp.a(alt_exit.o)

.debug_pubnames
 *(.debug_pubnames)

.debug_info     0x0000000000000000     0x7b4b
 *(.debug_info .gnu.linkonce.wi.*)
 .debug_info    0x0000000000000000       0xb3 C:/Users/nicol/Documents/EPFL/7Semester/EmbeddedSystems/LAB2_2_FPGA/CS-473/ES_standard_project_template_1.8/sw/nios/N_LEDS_bsp//obj/HAL/src/crt0.o
 .debug_info    0x00000000000000b3      0x1af obj/default/hello_world.o
 .debug_info    0x0000000000000262      0x145 C:/Users/nicol/Documents/EPFL/7Semester/EmbeddedSystems/LAB2_2_FPGA/CS-473/ES_standard_project_template_1.8/sw/nios/N_LEDS_bsp/\libhal_bsp.a(alt_load.o)
 .debug_info    0x00000000000003a7      0x131 C:/Users/nicol/Documents/EPFL/7Semester/EmbeddedSystems/LAB2_2_FPGA/CS-473/ES_standard_project_template_1.8/sw/nios/N_LEDS_bsp/\libhal_bsp.a(alt_main.o)
 .debug_info    0x00000000000004d8       0xb0 C:/Users/nicol/Documents/EPFL/7Semester/EmbeddedSystems/LAB2_2_FPGA/CS-473/ES_standard_project_template_1.8/sw/nios/N_LEDS_bsp/\libhal_bsp.a(alt_usleep.o)
 .debug_info    0x0000000000000588      0x4c3 C:/Users/nicol/Documents/EPFL/7Semester/EmbeddedSystems/LAB2_2_FPGA/CS-473/ES_standard_project_template_1.8/sw/nios/N_LEDS_bsp/\libhal_bsp.a(alt_sys_init.o)
 .debug_info    0x0000000000000a4b      0x52e C:/Users/nicol/Documents/EPFL/7Semester/EmbeddedSystems/LAB2_2_FPGA/CS-473/ES_standard_project_template_1.8/sw/nios/N_LEDS_bsp/\libhal_bsp.a(altera_avalon_jtag_uart_fd.o)
 .debug_info    0x0000000000000f79      0x3a0 C:/Users/nicol/Documents/EPFL/7Semester/EmbeddedSystems/LAB2_2_FPGA/CS-473/ES_standard_project_template_1.8/sw/nios/N_LEDS_bsp/\libhal_bsp.a(altera_avalon_jtag_uart_init.o)
 .debug_info    0x0000000000001319      0x280 C:/Users/nicol/Documents/EPFL/7Semester/EmbeddedSystems/LAB2_2_FPGA/CS-473/ES_standard_project_template_1.8/sw/nios/N_LEDS_bsp/\libhal_bsp.a(altera_avalon_jtag_uart_ioctl.o)
 .debug_info    0x0000000000001599      0x345 C:/Users/nicol/Documents/EPFL/7Semester/EmbeddedSystems/LAB2_2_FPGA/CS-473/ES_standard_project_template_1.8/sw/nios/N_LEDS_bsp/\libhal_bsp.a(altera_avalon_jtag_uart_read.o)
 .debug_info    0x00000000000018de      0x340 C:/Users/nicol/Documents/EPFL/7Semester/EmbeddedSystems/LAB2_2_FPGA/CS-473/ES_standard_project_template_1.8/sw/nios/N_LEDS_bsp/\libhal_bsp.a(altera_avalon_jtag_uart_write.o)
 .debug_info    0x0000000000001c1e      0x2cc C:/Users/nicol/Documents/EPFL/7Semester/EmbeddedSystems/LAB2_2_FPGA/CS-473/ES_standard_project_template_1.8/sw/nios/N_LEDS_bsp/\libhal_bsp.a(alt_alarm_start.o)
 .debug_info    0x0000000000001eea       0xd7 C:/Users/nicol/Documents/EPFL/7Semester/EmbeddedSystems/LAB2_2_FPGA/CS-473/ES_standard_project_template_1.8/sw/nios/N_LEDS_bsp/\libhal_bsp.a(alt_busy_sleep.o)
 .debug_info    0x0000000000001fc1      0x321 C:/Users/nicol/Documents/EPFL/7Semester/EmbeddedSystems/LAB2_2_FPGA/CS-473/ES_standard_project_template_1.8/sw/nios/N_LEDS_bsp/\libhal_bsp.a(alt_close.o)
 .debug_info    0x00000000000022e2       0xa5 C:/Users/nicol/Documents/EPFL/7Semester/EmbeddedSystems/LAB2_2_FPGA/CS-473/ES_standard_project_template_1.8/sw/nios/N_LEDS_bsp/\libhal_bsp.a(alt_dcache_flush_all.o)
 .debug_info    0x0000000000002387      0x49c C:/Users/nicol/Documents/EPFL/7Semester/EmbeddedSystems/LAB2_2_FPGA/CS-473/ES_standard_project_template_1.8/sw/nios/N_LEDS_bsp/\libhal_bsp.a(alt_dev.o)
 .debug_info    0x0000000000002823      0x1a9 C:/Users/nicol/Documents/EPFL/7Semester/EmbeddedSystems/LAB2_2_FPGA/CS-473/ES_standard_project_template_1.8/sw/nios/N_LEDS_bsp/\libhal_bsp.a(alt_dev_llist_insert.o)
 .debug_info    0x00000000000029cc       0x83 C:/Users/nicol/Documents/EPFL/7Semester/EmbeddedSystems/LAB2_2_FPGA/CS-473/ES_standard_project_template_1.8/sw/nios/N_LEDS_bsp/\libhal_bsp.a(alt_do_ctors.o)
 .debug_info    0x0000000000002a4f       0x83 C:/Users/nicol/Documents/EPFL/7Semester/EmbeddedSystems/LAB2_2_FPGA/CS-473/ES_standard_project_template_1.8/sw/nios/N_LEDS_bsp/\libhal_bsp.a(alt_do_dtors.o)
 .debug_info    0x0000000000002ad2       0xa6 C:/Users/nicol/Documents/EPFL/7Semester/EmbeddedSystems/LAB2_2_FPGA/CS-473/ES_standard_project_template_1.8/sw/nios/N_LEDS_bsp/\libhal_bsp.a(alt_errno.o)
 .debug_info    0x0000000000002b78       0x92 C:/Users/nicol/Documents/EPFL/7Semester/EmbeddedSystems/LAB2_2_FPGA/CS-473/ES_standard_project_template_1.8/sw/nios/N_LEDS_bsp/\libhal_bsp.a(alt_icache_flush_all.o)
 .debug_info    0x0000000000002c0a      0x350 C:/Users/nicol/Documents/EPFL/7Semester/EmbeddedSystems/LAB2_2_FPGA/CS-473/ES_standard_project_template_1.8/sw/nios/N_LEDS_bsp/\libhal_bsp.a(alt_iic.o)
 .debug_info    0x0000000000002f5a      0x1ef C:/Users/nicol/Documents/EPFL/7Semester/EmbeddedSystems/LAB2_2_FPGA/CS-473/ES_standard_project_template_1.8/sw/nios/N_LEDS_bsp/\libhal_bsp.a(alt_iic_isr_register.o)
 .debug_info    0x0000000000003149      0x4a5 C:/Users/nicol/Documents/EPFL/7Semester/EmbeddedSystems/LAB2_2_FPGA/CS-473/ES_standard_project_template_1.8/sw/nios/N_LEDS_bsp/\libhal_bsp.a(alt_io_redirect.o)
 .debug_info    0x00000000000035ee       0xbc C:/Users/nicol/Documents/EPFL/7Semester/EmbeddedSystems/LAB2_2_FPGA/CS-473/ES_standard_project_template_1.8/sw/nios/N_LEDS_bsp/\libhal_bsp.a(alt_irq_entry.o)
 .debug_info    0x00000000000036aa      0x187 C:/Users/nicol/Documents/EPFL/7Semester/EmbeddedSystems/LAB2_2_FPGA/CS-473/ES_standard_project_template_1.8/sw/nios/N_LEDS_bsp/\libhal_bsp.a(alt_irq_handler.o)
 .debug_info    0x0000000000003831       0x88 C:/Users/nicol/Documents/EPFL/7Semester/EmbeddedSystems/LAB2_2_FPGA/CS-473/ES_standard_project_template_1.8/sw/nios/N_LEDS_bsp/\libhal_bsp.a(alt_irq_vars.o)
 .debug_info    0x00000000000038b9      0x3bb C:/Users/nicol/Documents/EPFL/7Semester/EmbeddedSystems/LAB2_2_FPGA/CS-473/ES_standard_project_template_1.8/sw/nios/N_LEDS_bsp/\libhal_bsp.a(alt_open.o)
 .debug_info    0x0000000000003c74      0x2b0 C:/Users/nicol/Documents/EPFL/7Semester/EmbeddedSystems/LAB2_2_FPGA/CS-473/ES_standard_project_template_1.8/sw/nios/N_LEDS_bsp/\libhal_bsp.a(alt_release_fd.o)
 .debug_info    0x0000000000003f24      0x299 C:/Users/nicol/Documents/EPFL/7Semester/EmbeddedSystems/LAB2_2_FPGA/CS-473/ES_standard_project_template_1.8/sw/nios/N_LEDS_bsp/\libhal_bsp.a(alt_tick.o)
 .debug_info    0x00000000000041bd       0x92 C:/Users/nicol/Documents/EPFL/7Semester/EmbeddedSystems/LAB2_2_FPGA/CS-473/ES_standard_project_template_1.8/sw/nios/N_LEDS_bsp/\libhal_bsp.a(altera_nios2_gen2_irq.o)
 .debug_info    0x000000000000424f       0xc2 C:/Users/nicol/Documents/EPFL/7Semester/EmbeddedSystems/LAB2_2_FPGA/CS-473/ES_standard_project_template_1.8/sw/nios/N_LEDS_bsp/\libhal_bsp.a(alt_exception_entry.o)
 .debug_info    0x0000000000004311      0x2e9 C:/Users/nicol/Documents/EPFL/7Semester/EmbeddedSystems/LAB2_2_FPGA/CS-473/ES_standard_project_template_1.8/sw/nios/N_LEDS_bsp/\libhal_bsp.a(alt_find_dev.o)
 .debug_info    0x00000000000045fa      0x2e6 C:/Users/nicol/Documents/EPFL/7Semester/EmbeddedSystems/LAB2_2_FPGA/CS-473/ES_standard_project_template_1.8/sw/nios/N_LEDS_bsp/\libhal_bsp.a(alt_find_file.o)
 .debug_info    0x00000000000048e0      0x310 C:/Users/nicol/Documents/EPFL/7Semester/EmbeddedSystems/LAB2_2_FPGA/CS-473/ES_standard_project_template_1.8/sw/nios/N_LEDS_bsp/\libhal_bsp.a(alt_get_fd.o)
 .debug_info    0x0000000000004bf0       0xdc C:/Users/nicol/Documents/EPFL/7Semester/EmbeddedSystems/LAB2_2_FPGA/CS-473/ES_standard_project_template_1.8/sw/nios/N_LEDS_bsp/\libhal_bsp.a(alt_icache_flush.o)
 .debug_info    0x0000000000004ccc      0x1e7 C:/Users/nicol/Documents/EPFL/7Semester/EmbeddedSystems/LAB2_2_FPGA/CS-473/ES_standard_project_template_1.8/sw/nios/N_LEDS_bsp/\libhal_bsp.a(alt_instruction_exception_entry.o)
 .debug_info    0x0000000000004eb3       0xfe c:/intelfpga_lite/18.1/nios2eds/bin/gnu/h-x86_64-mingw32/bin/../lib/gcc/nios2-elf/5.3.0/../../../../../H-x86_64-mingw32/nios2-elf/lib\libc.a(lib_a-atexit.o)
 .debug_info    0x0000000000004fb1      0x8e4 c:/intelfpga_lite/18.1/nios2eds/bin/gnu/h-x86_64-mingw32/bin/../lib/gcc/nios2-elf/5.3.0/../../../../../H-x86_64-mingw32/nios2-elf/lib\libc.a(lib_a-exit.o)
 .debug_info    0x0000000000005895      0x8a1 c:/intelfpga_lite/18.1/nios2eds/bin/gnu/h-x86_64-mingw32/bin/../lib/gcc/nios2-elf/5.3.0/../../../../../H-x86_64-mingw32/nios2-elf/lib\libc.a(lib_a-impure.o)
 .debug_info    0x0000000000006136       0x8a c:/intelfpga_lite/18.1/nios2eds/bin/gnu/h-x86_64-mingw32/bin/../lib/gcc/nios2-elf/5.3.0/../../../../../H-x86_64-mingw32/nios2-elf/lib\libc.a(lib_a-int_errno.o)
 .debug_info    0x00000000000061c0      0x11a c:/intelfpga_lite/18.1/nios2eds/bin/gnu/h-x86_64-mingw32/bin/../lib/gcc/nios2-elf/5.3.0/../../../../../H-x86_64-mingw32/nios2-elf/lib\libc.a(lib_a-memcmp.o)
 .debug_info    0x00000000000062da      0x144 c:/intelfpga_lite/18.1/nios2eds/bin/gnu/h-x86_64-mingw32/bin/../lib/gcc/nios2-elf/5.3.0/../../../../../H-x86_64-mingw32/nios2-elf/lib\libc.a(lib_a-memcpy.o)
 .debug_info    0x000000000000641e       0xe2 c:/intelfpga_lite/18.1/nios2eds/bin/gnu/h-x86_64-mingw32/bin/../lib/gcc/nios2-elf/5.3.0/../../../../../H-x86_64-mingw32/nios2-elf/lib\libc.a(lib_a-strlen.o)
 .debug_info    0x0000000000006500      0x934 c:/intelfpga_lite/18.1/nios2eds/bin/gnu/h-x86_64-mingw32/bin/../lib/gcc/nios2-elf/5.3.0/../../../../../H-x86_64-mingw32/nios2-elf/lib\libc.a(lib_a-__atexit.o)
 .debug_info    0x0000000000006e34      0x965 c:/intelfpga_lite/18.1/nios2eds/bin/gnu/h-x86_64-mingw32/bin/../lib/gcc/nios2-elf/5.3.0/../../../../../H-x86_64-mingw32/nios2-elf/lib\libc.a(lib_a-__call_atexit.o)
 .debug_info    0x0000000000007799      0x2c6 c:/intelfpga_lite/18.1/nios2eds/bin/gnu/h-x86_64-mingw32/bin/../lib/gcc/nios2-elf/5.3.0\libgcc.a(lib2-divmod.o)
 .debug_info    0x0000000000007a5f       0xec C:/Users/nicol/Documents/EPFL/7Semester/EmbeddedSystems/LAB2_2_FPGA/CS-473/ES_standard_project_template_1.8/sw/nios/N_LEDS_bsp/\libhal_bsp.a(alt_exit.o)

.debug_abbrev   0x0000000000000000     0x2b86
 *(.debug_abbrev)
 .debug_abbrev  0x0000000000000000       0x12 C:/Users/nicol/Documents/EPFL/7Semester/EmbeddedSystems/LAB2_2_FPGA/CS-473/ES_standard_project_template_1.8/sw/nios/N_LEDS_bsp//obj/HAL/src/crt0.o
 .debug_abbrev  0x0000000000000012       0xb1 obj/default/hello_world.o
 .debug_abbrev  0x00000000000000c3       0x9f C:/Users/nicol/Documents/EPFL/7Semester/EmbeddedSystems/LAB2_2_FPGA/CS-473/ES_standard_project_template_1.8/sw/nios/N_LEDS_bsp/\libhal_bsp.a(alt_load.o)
 .debug_abbrev  0x0000000000000162       0xba C:/Users/nicol/Documents/EPFL/7Semester/EmbeddedSystems/LAB2_2_FPGA/CS-473/ES_standard_project_template_1.8/sw/nios/N_LEDS_bsp/\libhal_bsp.a(alt_main.o)
 .debug_abbrev  0x000000000000021c       0x60 C:/Users/nicol/Documents/EPFL/7Semester/EmbeddedSystems/LAB2_2_FPGA/CS-473/ES_standard_project_template_1.8/sw/nios/N_LEDS_bsp/\libhal_bsp.a(alt_usleep.o)
 .debug_abbrev  0x000000000000027c      0x187 C:/Users/nicol/Documents/EPFL/7Semester/EmbeddedSystems/LAB2_2_FPGA/CS-473/ES_standard_project_template_1.8/sw/nios/N_LEDS_bsp/\libhal_bsp.a(alt_sys_init.o)
 .debug_abbrev  0x0000000000000403      0x127 C:/Users/nicol/Documents/EPFL/7Semester/EmbeddedSystems/LAB2_2_FPGA/CS-473/ES_standard_project_template_1.8/sw/nios/N_LEDS_bsp/\libhal_bsp.a(altera_avalon_jtag_uart_fd.o)
 .debug_abbrev  0x000000000000052a      0x19e C:/Users/nicol/Documents/EPFL/7Semester/EmbeddedSystems/LAB2_2_FPGA/CS-473/ES_standard_project_template_1.8/sw/nios/N_LEDS_bsp/\libhal_bsp.a(altera_avalon_jtag_uart_init.o)
 .debug_abbrev  0x00000000000006c8      0x111 C:/Users/nicol/Documents/EPFL/7Semester/EmbeddedSystems/LAB2_2_FPGA/CS-473/ES_standard_project_template_1.8/sw/nios/N_LEDS_bsp/\libhal_bsp.a(altera_avalon_jtag_uart_ioctl.o)
 .debug_abbrev  0x00000000000007d9      0x1aa C:/Users/nicol/Documents/EPFL/7Semester/EmbeddedSystems/LAB2_2_FPGA/CS-473/ES_standard_project_template_1.8/sw/nios/N_LEDS_bsp/\libhal_bsp.a(altera_avalon_jtag_uart_read.o)
 .debug_abbrev  0x0000000000000983      0x1a8 C:/Users/nicol/Documents/EPFL/7Semester/EmbeddedSystems/LAB2_2_FPGA/CS-473/ES_standard_project_template_1.8/sw/nios/N_LEDS_bsp/\libhal_bsp.a(altera_avalon_jtag_uart_write.o)
 .debug_abbrev  0x0000000000000b2b      0x162 C:/Users/nicol/Documents/EPFL/7Semester/EmbeddedSystems/LAB2_2_FPGA/CS-473/ES_standard_project_template_1.8/sw/nios/N_LEDS_bsp/\libhal_bsp.a(alt_alarm_start.o)
 .debug_abbrev  0x0000000000000c8d       0x7e C:/Users/nicol/Documents/EPFL/7Semester/EmbeddedSystems/LAB2_2_FPGA/CS-473/ES_standard_project_template_1.8/sw/nios/N_LEDS_bsp/\libhal_bsp.a(alt_busy_sleep.o)
 .debug_abbrev  0x0000000000000d0b      0x11f C:/Users/nicol/Documents/EPFL/7Semester/EmbeddedSystems/LAB2_2_FPGA/CS-473/ES_standard_project_template_1.8/sw/nios/N_LEDS_bsp/\libhal_bsp.a(alt_close.o)
 .debug_abbrev  0x0000000000000e2a       0x5a C:/Users/nicol/Documents/EPFL/7Semester/EmbeddedSystems/LAB2_2_FPGA/CS-473/ES_standard_project_template_1.8/sw/nios/N_LEDS_bsp/\libhal_bsp.a(alt_dcache_flush_all.o)
 .debug_abbrev  0x0000000000000e84       0xd9 C:/Users/nicol/Documents/EPFL/7Semester/EmbeddedSystems/LAB2_2_FPGA/CS-473/ES_standard_project_template_1.8/sw/nios/N_LEDS_bsp/\libhal_bsp.a(alt_dev.o)
 .debug_abbrev  0x0000000000000f5d      0x114 C:/Users/nicol/Documents/EPFL/7Semester/EmbeddedSystems/LAB2_2_FPGA/CS-473/ES_standard_project_template_1.8/sw/nios/N_LEDS_bsp/\libhal_bsp.a(alt_dev_llist_insert.o)
 .debug_abbrev  0x0000000000001071       0x79 C:/Users/nicol/Documents/EPFL/7Semester/EmbeddedSystems/LAB2_2_FPGA/CS-473/ES_standard_project_template_1.8/sw/nios/N_LEDS_bsp/\libhal_bsp.a(alt_do_ctors.o)
 .debug_abbrev  0x00000000000010ea       0x79 C:/Users/nicol/Documents/EPFL/7Semester/EmbeddedSystems/LAB2_2_FPGA/CS-473/ES_standard_project_template_1.8/sw/nios/N_LEDS_bsp/\libhal_bsp.a(alt_do_dtors.o)
 .debug_abbrev  0x0000000000001163       0x5a C:/Users/nicol/Documents/EPFL/7Semester/EmbeddedSystems/LAB2_2_FPGA/CS-473/ES_standard_project_template_1.8/sw/nios/N_LEDS_bsp/\libhal_bsp.a(alt_errno.o)
 .debug_abbrev  0x00000000000011bd       0x42 C:/Users/nicol/Documents/EPFL/7Semester/EmbeddedSystems/LAB2_2_FPGA/CS-473/ES_standard_project_template_1.8/sw/nios/N_LEDS_bsp/\libhal_bsp.a(alt_icache_flush_all.o)
 .debug_abbrev  0x00000000000011ff      0x163 C:/Users/nicol/Documents/EPFL/7Semester/EmbeddedSystems/LAB2_2_FPGA/CS-473/ES_standard_project_template_1.8/sw/nios/N_LEDS_bsp/\libhal_bsp.a(alt_iic.o)
 .debug_abbrev  0x0000000000001362      0x169 C:/Users/nicol/Documents/EPFL/7Semester/EmbeddedSystems/LAB2_2_FPGA/CS-473/ES_standard_project_template_1.8/sw/nios/N_LEDS_bsp/\libhal_bsp.a(alt_iic_isr_register.o)
 .debug_abbrev  0x00000000000014cb      0x114 C:/Users/nicol/Documents/EPFL/7Semester/EmbeddedSystems/LAB2_2_FPGA/CS-473/ES_standard_project_template_1.8/sw/nios/N_LEDS_bsp/\libhal_bsp.a(alt_io_redirect.o)
 .debug_abbrev  0x00000000000015df       0x12 C:/Users/nicol/Documents/EPFL/7Semester/EmbeddedSystems/LAB2_2_FPGA/CS-473/ES_standard_project_template_1.8/sw/nios/N_LEDS_bsp/\libhal_bsp.a(alt_irq_entry.o)
 .debug_abbrev  0x00000000000015f1      0x122 C:/Users/nicol/Documents/EPFL/7Semester/EmbeddedSystems/LAB2_2_FPGA/CS-473/ES_standard_project_template_1.8/sw/nios/N_LEDS_bsp/\libhal_bsp.a(alt_irq_handler.o)
 .debug_abbrev  0x0000000000001713       0x40 C:/Users/nicol/Documents/EPFL/7Semester/EmbeddedSystems/LAB2_2_FPGA/CS-473/ES_standard_project_template_1.8/sw/nios/N_LEDS_bsp/\libhal_bsp.a(alt_irq_vars.o)
 .debug_abbrev  0x0000000000001753      0x148 C:/Users/nicol/Documents/EPFL/7Semester/EmbeddedSystems/LAB2_2_FPGA/CS-473/ES_standard_project_template_1.8/sw/nios/N_LEDS_bsp/\libhal_bsp.a(alt_open.o)
 .debug_abbrev  0x000000000000189b       0xde C:/Users/nicol/Documents/EPFL/7Semester/EmbeddedSystems/LAB2_2_FPGA/CS-473/ES_standard_project_template_1.8/sw/nios/N_LEDS_bsp/\libhal_bsp.a(alt_release_fd.o)
 .debug_abbrev  0x0000000000001979      0x15a C:/Users/nicol/Documents/EPFL/7Semester/EmbeddedSystems/LAB2_2_FPGA/CS-473/ES_standard_project_template_1.8/sw/nios/N_LEDS_bsp/\libhal_bsp.a(alt_tick.o)
 .debug_abbrev  0x0000000000001ad3       0x42 C:/Users/nicol/Documents/EPFL/7Semester/EmbeddedSystems/LAB2_2_FPGA/CS-473/ES_standard_project_template_1.8/sw/nios/N_LEDS_bsp/\libhal_bsp.a(altera_nios2_gen2_irq.o)
 .debug_abbrev  0x0000000000001b15       0x12 C:/Users/nicol/Documents/EPFL/7Semester/EmbeddedSystems/LAB2_2_FPGA/CS-473/ES_standard_project_template_1.8/sw/nios/N_LEDS_bsp/\libhal_bsp.a(alt_exception_entry.o)
 .debug_abbrev  0x0000000000001b27       0xf0 C:/Users/nicol/Documents/EPFL/7Semester/EmbeddedSystems/LAB2_2_FPGA/CS-473/ES_standard_project_template_1.8/sw/nios/N_LEDS_bsp/\libhal_bsp.a(alt_find_dev.o)
 .debug_abbrev  0x0000000000001c17       0xf0 C:/Users/nicol/Documents/EPFL/7Semester/EmbeddedSystems/LAB2_2_FPGA/CS-473/ES_standard_project_template_1.8/sw/nios/N_LEDS_bsp/\libhal_bsp.a(alt_find_file.o)
 .debug_abbrev  0x0000000000001d07      0x10d C:/Users/nicol/Documents/EPFL/7Semester/EmbeddedSystems/LAB2_2_FPGA/CS-473/ES_standard_project_template_1.8/sw/nios/N_LEDS_bsp/\libhal_bsp.a(alt_get_fd.o)
 .debug_abbrev  0x0000000000001e14       0x8c C:/Users/nicol/Documents/EPFL/7Semester/EmbeddedSystems/LAB2_2_FPGA/CS-473/ES_standard_project_template_1.8/sw/nios/N_LEDS_bsp/\libhal_bsp.a(alt_icache_flush.o)
 .debug_abbrev  0x0000000000001ea0       0xdc C:/Users/nicol/Documents/EPFL/7Semester/EmbeddedSystems/LAB2_2_FPGA/CS-473/ES_standard_project_template_1.8/sw/nios/N_LEDS_bsp/\libhal_bsp.a(alt_instruction_exception_entry.o)
 .debug_abbrev  0x0000000000001f7c       0xaa c:/intelfpga_lite/18.1/nios2eds/bin/gnu/h-x86_64-mingw32/bin/../lib/gcc/nios2-elf/5.3.0/../../../../../H-x86_64-mingw32/nios2-elf/lib\libc.a(lib_a-atexit.o)
 .debug_abbrev  0x0000000000002026      0x1e5 c:/intelfpga_lite/18.1/nios2eds/bin/gnu/h-x86_64-mingw32/bin/../lib/gcc/nios2-elf/5.3.0/../../../../../H-x86_64-mingw32/nios2-elf/lib\libc.a(lib_a-exit.o)
 .debug_abbrev  0x000000000000220b      0x18f c:/intelfpga_lite/18.1/nios2eds/bin/gnu/h-x86_64-mingw32/bin/../lib/gcc/nios2-elf/5.3.0/../../../../../H-x86_64-mingw32/nios2-elf/lib\libc.a(lib_a-impure.o)
 .debug_abbrev  0x000000000000239a       0x37 c:/intelfpga_lite/18.1/nios2eds/bin/gnu/h-x86_64-mingw32/bin/../lib/gcc/nios2-elf/5.3.0/../../../../../H-x86_64-mingw32/nios2-elf/lib\libc.a(lib_a-int_errno.o)
 .debug_abbrev  0x00000000000023d1       0x7f c:/intelfpga_lite/18.1/nios2eds/bin/gnu/h-x86_64-mingw32/bin/../lib/gcc/nios2-elf/5.3.0/../../../../../H-x86_64-mingw32/nios2-elf/lib\libc.a(lib_a-memcmp.o)
 .debug_abbrev  0x0000000000002450       0xa3 c:/intelfpga_lite/18.1/nios2eds/bin/gnu/h-x86_64-mingw32/bin/../lib/gcc/nios2-elf/5.3.0/../../../../../H-x86_64-mingw32/nios2-elf/lib\libc.a(lib_a-memcpy.o)
 .debug_abbrev  0x00000000000024f3       0x90 c:/intelfpga_lite/18.1/nios2eds/bin/gnu/h-x86_64-mingw32/bin/../lib/gcc/nios2-elf/5.3.0/../../../../../H-x86_64-mingw32/nios2-elf/lib\libc.a(lib_a-strlen.o)
 .debug_abbrev  0x0000000000002583      0x21e c:/intelfpga_lite/18.1/nios2eds/bin/gnu/h-x86_64-mingw32/bin/../lib/gcc/nios2-elf/5.3.0/../../../../../H-x86_64-mingw32/nios2-elf/lib\libc.a(lib_a-__atexit.o)
 .debug_abbrev  0x00000000000027a1      0x22e c:/intelfpga_lite/18.1/nios2eds/bin/gnu/h-x86_64-mingw32/bin/../lib/gcc/nios2-elf/5.3.0/../../../../../H-x86_64-mingw32/nios2-elf/lib\libc.a(lib_a-__call_atexit.o)
 .debug_abbrev  0x00000000000029cf      0x10e c:/intelfpga_lite/18.1/nios2eds/bin/gnu/h-x86_64-mingw32/bin/../lib/gcc/nios2-elf/5.3.0\libgcc.a(lib2-divmod.o)
 .debug_abbrev  0x0000000000002add       0xa9 C:/Users/nicol/Documents/EPFL/7Semester/EmbeddedSystems/LAB2_2_FPGA/CS-473/ES_standard_project_template_1.8/sw/nios/N_LEDS_bsp/\libhal_bsp.a(alt_exit.o)

.debug_line     0x0000000000000000     0x2d3c
 *(.debug_line)
 .debug_line    0x0000000000000000       0x72 C:/Users/nicol/Documents/EPFL/7Semester/EmbeddedSystems/LAB2_2_FPGA/CS-473/ES_standard_project_template_1.8/sw/nios/N_LEDS_bsp//obj/HAL/src/crt0.o
 .debug_line    0x0000000000000072      0x1e0 obj/default/hello_world.o
 .debug_line    0x0000000000000252       0x8e C:/Users/nicol/Documents/EPFL/7Semester/EmbeddedSystems/LAB2_2_FPGA/CS-473/ES_standard_project_template_1.8/sw/nios/N_LEDS_bsp/\libhal_bsp.a(alt_load.o)
 .debug_line    0x00000000000002e0       0xa4 C:/Users/nicol/Documents/EPFL/7Semester/EmbeddedSystems/LAB2_2_FPGA/CS-473/ES_standard_project_template_1.8/sw/nios/N_LEDS_bsp/\libhal_bsp.a(alt_main.o)
 .debug_line    0x0000000000000384       0xad C:/Users/nicol/Documents/EPFL/7Semester/EmbeddedSystems/LAB2_2_FPGA/CS-473/ES_standard_project_template_1.8/sw/nios/N_LEDS_bsp/\libhal_bsp.a(alt_usleep.o)
 .debug_line    0x0000000000000431      0x136 C:/Users/nicol/Documents/EPFL/7Semester/EmbeddedSystems/LAB2_2_FPGA/CS-473/ES_standard_project_template_1.8/sw/nios/N_LEDS_bsp/\libhal_bsp.a(alt_sys_init.o)
 .debug_line    0x0000000000000567      0x12f C:/Users/nicol/Documents/EPFL/7Semester/EmbeddedSystems/LAB2_2_FPGA/CS-473/ES_standard_project_template_1.8/sw/nios/N_LEDS_bsp/\libhal_bsp.a(altera_avalon_jtag_uart_fd.o)
 .debug_line    0x0000000000000696      0x18b C:/Users/nicol/Documents/EPFL/7Semester/EmbeddedSystems/LAB2_2_FPGA/CS-473/ES_standard_project_template_1.8/sw/nios/N_LEDS_bsp/\libhal_bsp.a(altera_avalon_jtag_uart_init.o)
 .debug_line    0x0000000000000821      0x131 C:/Users/nicol/Documents/EPFL/7Semester/EmbeddedSystems/LAB2_2_FPGA/CS-473/ES_standard_project_template_1.8/sw/nios/N_LEDS_bsp/\libhal_bsp.a(altera_avalon_jtag_uart_ioctl.o)
 .debug_line    0x0000000000000952      0x171 C:/Users/nicol/Documents/EPFL/7Semester/EmbeddedSystems/LAB2_2_FPGA/CS-473/ES_standard_project_template_1.8/sw/nios/N_LEDS_bsp/\libhal_bsp.a(altera_avalon_jtag_uart_read.o)
 .debug_line    0x0000000000000ac3      0x170 C:/Users/nicol/Documents/EPFL/7Semester/EmbeddedSystems/LAB2_2_FPGA/CS-473/ES_standard_project_template_1.8/sw/nios/N_LEDS_bsp/\libhal_bsp.a(altera_avalon_jtag_uart_write.o)
 .debug_line    0x0000000000000c33       0xf9 C:/Users/nicol/Documents/EPFL/7Semester/EmbeddedSystems/LAB2_2_FPGA/CS-473/ES_standard_project_template_1.8/sw/nios/N_LEDS_bsp/\libhal_bsp.a(alt_alarm_start.o)
 .debug_line    0x0000000000000d2c       0xa0 C:/Users/nicol/Documents/EPFL/7Semester/EmbeddedSystems/LAB2_2_FPGA/CS-473/ES_standard_project_template_1.8/sw/nios/N_LEDS_bsp/\libhal_bsp.a(alt_busy_sleep.o)
 .debug_line    0x0000000000000dcc      0x165 C:/Users/nicol/Documents/EPFL/7Semester/EmbeddedSystems/LAB2_2_FPGA/CS-473/ES_standard_project_template_1.8/sw/nios/N_LEDS_bsp/\libhal_bsp.a(alt_close.o)
 .debug_line    0x0000000000000f31       0x61 C:/Users/nicol/Documents/EPFL/7Semester/EmbeddedSystems/LAB2_2_FPGA/CS-473/ES_standard_project_template_1.8/sw/nios/N_LEDS_bsp/\libhal_bsp.a(alt_dcache_flush_all.o)
 .debug_line    0x0000000000000f92       0xf8 C:/Users/nicol/Documents/EPFL/7Semester/EmbeddedSystems/LAB2_2_FPGA/CS-473/ES_standard_project_template_1.8/sw/nios/N_LEDS_bsp/\libhal_bsp.a(alt_dev.o)
 .debug_line    0x000000000000108a       0xcf C:/Users/nicol/Documents/EPFL/7Semester/EmbeddedSystems/LAB2_2_FPGA/CS-473/ES_standard_project_template_1.8/sw/nios/N_LEDS_bsp/\libhal_bsp.a(alt_dev_llist_insert.o)
 .debug_line    0x0000000000001159       0x59 C:/Users/nicol/Documents/EPFL/7Semester/EmbeddedSystems/LAB2_2_FPGA/CS-473/ES_standard_project_template_1.8/sw/nios/N_LEDS_bsp/\libhal_bsp.a(alt_do_ctors.o)
 .debug_line    0x00000000000011b2       0x59 C:/Users/nicol/Documents/EPFL/7Semester/EmbeddedSystems/LAB2_2_FPGA/CS-473/ES_standard_project_template_1.8/sw/nios/N_LEDS_bsp/\libhal_bsp.a(alt_do_dtors.o)